Archive member included to satisfy reference by file (symbol)

/opt/app/gcc-arm-none-eabi-9-2019-q4-major/bin/../lib/gcc/arm-none-eabi/9.2.1/../../../../arm-none-eabi/lib/thumb/v6-m/nofp/libg.a(lib_a-atoi.o)
                              /home/cpptest/webinar-demo/webinar-demo-ja/.cpptest/FlowAnalysis/file-data/useBeforeInit.cc70f7875/adds/harness_useBeforeInit.o (symbol from plugin) (atoi)
/opt/app/gcc-arm-none-eabi-9-2019-q4-major/bin/../lib/gcc/arm-none-eabi/9.2.1/../../../../arm-none-eabi/lib/thumb/v6-m/nofp/libg.a(lib_a-errno.o)
                              /home/cpptest/webinar-demo/webinar-demo-ja/.cpptest/FlowAnalysis/file-data/cpptest_testrunner.c69b34ba2/cpptest_testrunner.o (symbol from plugin) (__errno)
/opt/app/gcc-arm-none-eabi-9-2019-q4-major/bin/../lib/gcc/arm-none-eabi/9.2.1/../../../../arm-none-eabi/lib/thumb/v6-m/nofp/libg.a(lib_a-exit.o)
                              /opt/app/gcc-arm-none-eabi-9-2019-q4-major/bin/../lib/gcc/arm-none-eabi/9.2.1/../../../../arm-none-eabi/lib/thumb/v6-m/nofp/rdimon-crt0.o (exit)
/opt/app/gcc-arm-none-eabi-9-2019-q4-major/bin/../lib/gcc/arm-none-eabi/9.2.1/../../../../arm-none-eabi/lib/thumb/v6-m/nofp/libg.a(lib_a-fclose.o)
                              /home/cpptest/webinar-demo/webinar-demo-ja/.cpptest/FlowAnalysis/file-data/divisionByZero.c61aa30f7/adds/harness_divisionByZero.o (symbol from plugin) (fclose)
/opt/app/gcc-arm-none-eabi-9-2019-q4-major/bin/../lib/gcc/arm-none-eabi/9.2.1/../../../../arm-none-eabi/lib/thumb/v6-m/nofp/libg.a(lib_a-fflush.o)
                              /opt/app/gcc-arm-none-eabi-9-2019-q4-major/bin/../lib/gcc/arm-none-eabi/9.2.1/../../../../arm-none-eabi/lib/thumb/v6-m/nofp/libg.a(lib_a-fclose.o) (__sflush_r)
/opt/app/gcc-arm-none-eabi-9-2019-q4-major/bin/../lib/gcc/arm-none-eabi/9.2.1/../../../../arm-none-eabi/lib/thumb/v6-m/nofp/libg.a(lib_a-fgetc.o)
                              /home/cpptest/webinar-demo/webinar-demo-ja/.cpptest/FlowAnalysis/file-data/fileLeaks.cfdafb533/adds/harness_fileLeaks.o (symbol from plugin) (fgetc)
/opt/app/gcc-arm-none-eabi-9-2019-q4-major/bin/../lib/gcc/arm-none-eabi/9.2.1/../../../../arm-none-eabi/lib/thumb/v6-m/nofp/libg.a(lib_a-fgets.o)
                              /home/cpptest/webinar-demo/webinar-demo-ja/.cpptest/FlowAnalysis/file-data/memoryLeaks.c94e74b8e/adds/harness_memoryLeaks.o (symbol from plugin) (fgets)
/opt/app/gcc-arm-none-eabi-9-2019-q4-major/bin/../lib/gcc/arm-none-eabi/9.2.1/../../../../arm-none-eabi/lib/thumb/v6-m/nofp/libg.a(lib_a-findfp.o)
                              /opt/app/gcc-arm-none-eabi-9-2019-q4-major/bin/../lib/gcc/arm-none-eabi/9.2.1/../../../../arm-none-eabi/lib/thumb/v6-m/nofp/libg.a(lib_a-fclose.o) (__sinit)
/opt/app/gcc-arm-none-eabi-9-2019-q4-major/bin/../lib/gcc/arm-none-eabi/9.2.1/../../../../arm-none-eabi/lib/thumb/v6-m/nofp/libg.a(lib_a-fopen.o)
                              /home/cpptest/webinar-demo/webinar-demo-ja/.cpptest/FlowAnalysis/file-data/cpptest_testrunner.c69b34ba2/cpptest_testrunner.o (symbol from plugin) (fopen)
/opt/app/gcc-arm-none-eabi-9-2019-q4-major/bin/../lib/gcc/arm-none-eabi/9.2.1/../../../../arm-none-eabi/lib/thumb/v6-m/nofp/libg.a(lib_a-fread.o)
                              /home/cpptest/webinar-demo/webinar-demo-ja/.cpptest/FlowAnalysis/file-data/sqlInjection.cba0ca334/adds/harness_sqlInjection.o (symbol from plugin) (fread)
/opt/app/gcc-arm-none-eabi-9-2019-q4-major/bin/../lib/gcc/arm-none-eabi/9.2.1/../../../../arm-none-eabi/lib/thumb/v6-m/nofp/libg.a(lib_a-freer.o)
                              /opt/app/gcc-arm-none-eabi-9-2019-q4-major/bin/../lib/gcc/arm-none-eabi/9.2.1/../../../../arm-none-eabi/lib/thumb/v6-m/nofp/libg.a(lib_a-fclose.o) (_free_r)
/opt/app/gcc-arm-none-eabi-9-2019-q4-major/bin/../lib/gcc/arm-none-eabi/9.2.1/../../../../arm-none-eabi/lib/thumb/v6-m/nofp/libg.a(lib_a-fseek.o)
                              /opt/app/gcc-arm-none-eabi-9-2019-q4-major/bin/../lib/gcc/arm-none-eabi/9.2.1/../../../../arm-none-eabi/lib/thumb/v6-m/nofp/libg.a(lib_a-fopen.o) (_fseek_r)
/opt/app/gcc-arm-none-eabi-9-2019-q4-major/bin/../lib/gcc/arm-none-eabi/9.2.1/../../../../arm-none-eabi/lib/thumb/v6-m/nofp/libg.a(lib_a-fseeko.o)
                              /opt/app/gcc-arm-none-eabi-9-2019-q4-major/bin/../lib/gcc/arm-none-eabi/9.2.1/../../../../arm-none-eabi/lib/thumb/v6-m/nofp/libg.a(lib_a-fseek.o) (_fseeko_r)
/opt/app/gcc-arm-none-eabi-9-2019-q4-major/bin/../lib/gcc/arm-none-eabi/9.2.1/../../../../arm-none-eabi/lib/thumb/v6-m/nofp/libg.a(lib_a-fstatr.o)
                              /opt/app/gcc-arm-none-eabi-9-2019-q4-major/bin/../lib/gcc/arm-none-eabi/9.2.1/../../../../arm-none-eabi/lib/thumb/v6-m/nofp/libg.a(lib_a-fseeko.o) (_fstat_r)
/opt/app/gcc-arm-none-eabi-9-2019-q4-major/bin/../lib/gcc/arm-none-eabi/9.2.1/../../../../arm-none-eabi/lib/thumb/v6-m/nofp/libg.a(lib_a-fwalk.o)
[...]
Memory Configuration

Name             Origin             Length             Attributes
*default*        0x0000000000000000 0xffffffffffffffff

Linker script and memory map

LOAD /opt/app/gcc-arm-none-eabi-9-2019-q4-major/bin/../lib/gcc/arm-none-eabi/9.2.1/thumb/v6-m/nofp/crti.o
LOAD /opt/app/gcc-arm-none-eabi-9-2019-q4-major/bin/../lib/gcc/arm-none-eabi/9.2.1/thumb/v6-m/nofp/crtbegin.o
LOAD /opt/app/gcc-arm-none-eabi-9-2019-q4-major/bin/../lib/gcc/arm-none-eabi/9.2.1/../../../../arm-none-eabi/lib/thumb/v6-m/nofp/rdimon-crt0.o
LOAD /tmp/FlowAnalysisTest.axf.6VrUXi.ltrans0.ltrans.o
LOAD /tmp/cc8sdudE.debug.temp.o
LOAD /tmp/ccDx2SWO.debug.temp.o
LOAD /tmp/ccaYBjGZ.debug.temp.o
LOAD /tmp/ccJV9Mpa.debug.temp.o
LOAD /tmp/cc2v9i9k.debug.temp.o
LOAD /tmp/cc3mqRSv.debug.temp.o
LOAD /tmp/cckV1rCG.debug.temp.o
LOAD /tmp/ccJhL5lR.debug.temp.o
LOAD /tmp/ccyOyL51.debug.temp.o
LOAD /tmp/cc94FtPc.debug.temp.o
LOAD /tmp/cc8Ibfzn.debug.temp.o
LOAD /tmp/cchoI2iy.debug.temp.o
LOAD /tmp/cceIKS2I.debug.temp.o
LOAD /tmp/cclhyNMT.debug.temp.o
LOAD /tmp/cc60BNw4.debug.temp.o
LOAD /tmp/ccTPyPgf.debug.temp.o
LOAD /tmp/cc0AyV0p.debug.temp.o
LOAD /tmp/cchoK3KA.debug.temp.o
LOAD /tmp/ccTFXevL.debug.temp.o
LOAD /tmp/ccHr4rfW.debug.temp.o
LOAD /tmp/cczsWJZ6.debug.temp.o
LOAD /tmp/ccz6d5Jh.debug.temp.o
LOAD /tmp/cc1KHtus.debug.temp.o
LOAD /tmp/ccPt0TeD.debug.temp.o
LOAD /tmp/ccj8JmZN.debug.temp.o
LOAD /tmp/ccx7tRJY.debug.temp.o
LOAD /tmp/ccNhXnu9.debug.temp.o
LOAD /tmp/ccNpAWek.debug.temp.o
LOAD /tmp/ccrnnxZu.debug.temp.o
LOAD /tmp/ccJISaKF.debug.temp.o
LOAD /tmp/ccVnhQuQ.debug.temp.o
LOAD /tmp/cchLTxf1.debug.temp.o
LOAD /tmp/cct1Bh0b.debug.temp.o
LOAD /tmp/ccduP3Km.debug.temp.o
LOAD /tmp/ccziMRvx.debug.temp.o
LOAD /tmp/cczUdHgI.debug.temp.o
LOAD /tmp/cclw5y1S.debug.temp.o
LOAD /tmp/ccpV6sM3.debug.temp.o
LOAD /tmp/cc1Q4oxe.debug.temp.o
LOAD /tmp/ccn6Kmip.debug.temp.o
LOAD /tmp/cc73rm3z.debug.temp.o
LOAD /tmp/ccLD1nOK.debug.temp.o
LOAD /tmp/cchueszV.debug.temp.o
LOAD /tmp/ccFvOyk6.debug.temp.o
LOAD /tmp/ccdrwH5g.debug.temp.o
LOAD /tmp/ccjrUSQr.debug.temp.o
LOAD /tmp/ccluf6BC.debug.temp.o
LOAD /tmp/ccr6mlnN.debug.temp.o
LOAD /tmp/ccrnHC8X.debug.temp.o
LOAD /tmp/cc1LpWT8.debug.temp.o
LOAD /tmp/ccXGAiFj.debug.temp.o
LOAD /tmp/ccdWCGqu.debug.temp.o
LOAD /tmp/ccZra7bF.debug.temp.o
LOAD /opt/app/gcc-arm-none-eabi-9-2019-q4-major/bin/../lib/gcc/arm-none-eabi/9.2.1/../../../../arm-none-eabi/lib/thumb/v6-m/nofp/libstdc++.a
LOAD /opt/app/gcc-arm-none-eabi-9-2019-q4-major/bin/../lib/gcc/arm-none-eabi/9.2.1/../../../../arm-none-eabi/lib/thumb/v6-m/nofp/libm.a
START GROUP
LOAD /opt/app/gcc-arm-none-eabi-9-2019-q4-major/bin/../lib/gcc/arm-none-eabi/9.2.1/thumb/v6-m/nofp/libgcc.a
LOAD /opt/app/gcc-arm-none-eabi-9-2019-q4-major/bin/../lib/gcc/arm-none-eabi/9.2.1/../../../../arm-none-eabi/lib/thumb/v6-m/nofp/libg.a
LOAD /opt/app/gcc-arm-none-eabi-9-2019-q4-major/bin/../lib/gcc/arm-none-eabi/9.2.1/../../../../arm-none-eabi/lib/thumb/v6-m/nofp/libc.a
END GROUP
START GROUP
LOAD /opt/app/gcc-arm-none-eabi-9-2019-q4-major/bin/../lib/gcc/arm-none-eabi/9.2.1/thumb/v6-m/nofp/libgcc.a
LOAD /opt/app/gcc-arm-none-eabi-9-2019-q4-major/bin/../lib/gcc/arm-none-eabi/9.2.1/../../../../arm-none-eabi/lib/thumb/v6-m/nofp/libc.a
LOAD /opt/app/gcc-arm-none-eabi-9-2019-q4-major/bin/../lib/gcc/arm-none-eabi/9.2.1/../../../../arm-none-eabi/lib/thumb/v6-m/nofp/librdimon.a
END GROUP
LOAD /opt/app/gcc-arm-none-eabi-9-2019-q4-major/bin/../lib/gcc/arm-none-eabi/9.2.1/thumb/v6-m/nofp/crtend.o
LOAD /opt/app/gcc-arm-none-eabi-9-2019-q4-major/bin/../lib/gcc/arm-none-eabi/9.2.1/thumb/v6-m/nofp/crtn.o
                [!provide]                        PROVIDE (__executable_start = SEGMENT_START ("text-segment", 0x8000))
                0x0000000000008000                . = SEGMENT_START ("text-segment", 0x8000)

.interp
 *(.interp)

.note.gnu.build-id
 *(.note.gnu.build-id)

.hash
 *(.hash)

.gnu.hash
 *(.gnu.hash)

.dynsym
 *(.dynsym)

.dynstr
 *(.dynstr)

.gnu.version
 *(.gnu.version)

.gnu.version_d
 *(.gnu.version_d)

.gnu.version_r
 *(.gnu.version_r)

.rel.dyn        0x0000000000008000        0x0
 *(.rel.init)
 *(.rel.text .rel.text.* .rel.gnu.linkonce.t.*)
 *(.rel.fini)
 *(.rel.rodata .rel.rodata.* .rel.gnu.linkonce.r.*)
 *(.rel.data.rel.ro .rel.data.rel.ro.* .rel.gnu.linkonce.d.rel.ro.*)
 *(.rel.data .rel.data.* .rel.gnu.linkonce.d.*)
 *(.rel.tdata .rel.tdata.* .rel.gnu.linkonce.td.*)
 *(.rel.tbss .rel.tbss.* .rel.gnu.linkonce.tb.*)
 *(.rel.ctors)
 *(.rel.dtors)
 *(.rel.got)
 *(.rel.bss .rel.bss.* .rel.gnu.linkonce.b.*)
                [!provide]                        PROVIDE (__rel_iplt_start = .)
 *(.rel.iplt)
 .rel.iplt      0x0000000000008000        0x0 /opt/app/gcc-arm-none-eabi-9-2019-q4-major/bin/../lib/gcc/arm-none-eabi/9.2.1/thumb/v6-m/nofp/crtbegin.o
                [!provide]                        PROVIDE (__rel_iplt_end = .)

.rela.dyn       0x0000000000008000        0x0
 *(.rela.init)
 *(.rela.text .rela.text.* .rela.gnu.linkonce.t.*)
 *(.rela.fini)
 *(.rela.rodata .rela.rodata.* .rela.gnu.linkonce.r.*)
 *(.rela.data .rela.data.* .rela.gnu.linkonce.d.*)
 *(.rela.tdata .rela.tdata.* .rela.gnu.linkonce.td.*)
 *(.rela.tbss .rela.tbss.* .rela.gnu.linkonce.tb.*)
 *(.rela.ctors)
 *(.rela.dtors)
 *(.rela.got)
 *(.rela.bss .rela.bss.* .rela.gnu.linkonce.b.*)
                [!provide]                        PROVIDE (__rela_iplt_start = .)
 *(.rela.iplt)
                [!provide]                        PROVIDE (__rela_iplt_end = .)

.rel.plt
 *(.rel.plt)

.rela.plt
 *(.rela.plt)

.init           0x0000000000008000        0xc
 *(SORT_NONE(.init))
 .init          0x0000000000008000        0x4 /opt/app/gcc-arm-none-eabi-9-2019-q4-major/bin/../lib/gcc/arm-none-eabi/9.2.1/thumb/v6-m/nofp/crti.o
                0x0000000000008000                _init
 .init          0x0000000000008004        0x8 /opt/app/gcc-arm-none-eabi-9-2019-q4-major/bin/../lib/gcc/arm-none-eabi/9.2.1/thumb/v6-m/nofp/crtn.o

.plt
 *(.plt)

.iplt           0x000000000000800c        0x0
 *(.iplt)
 .iplt          0x000000000000800c        0x0 /opt/app/gcc-arm-none-eabi-9-2019-q4-major/bin/../lib/gcc/arm-none-eabi/9.2.1/thumb/v6-m/nofp/crtbegin.o

.text           0x000000000000800c     0x5258
 *(.text.unlikely .text.*_unlikely .text.unlikely.*)
 *(.text.exit .text.exit.*)
 .text.exit     0x000000000000800c       0x20 /opt/app/gcc-arm-none-eabi-9-2019-q4-major/bin/../lib/gcc/arm-none-eabi/9.2.1/../../../../arm-none-eabi/lib/thumb/v6-m/nofp/libg.a(lib_a-exit.o)
                0x000000000000800c                exit
 *(.text.startup .text.startup.*)
 .text.startup.main
                0x000000000000802c      0x31c /tmp/FlowAnalysisTest.axf.6VrUXi.ltrans0.ltrans.o
                0x000000000000802c                main
 .text.startup.register_fini
                0x0000000000008348       0x18 /opt/app/gcc-arm-none-eabi-9-2019-q4-major/bin/../lib/gcc/arm-none-eabi/9.2.1/../../../../arm-none-eabi/lib/thumb/v6-m/nofp/libg.a(lib_a-__call_atexit.o)
 *(.text.hot .text.hot.*)
 *(.text .stub .text.* .gnu.linkonce.t.*)
 .text          0x0000000000008360       0x48 /opt/app/gcc-arm-none-eabi-9-2019-q4-major/bin/../lib/gcc/arm-none-eabi/9.2.1/thumb/v6-m/nofp/crtbegin.o
 .text          0x00000000000083a8       0xec /opt/app/gcc-arm-none-eabi-9-2019-q4-major/bin/../lib/gcc/arm-none-eabi/9.2.1/../../../../arm-none-eabi/lib/thumb/v6-m/nofp/rdimon-crt0.o
                0x00000000000083a8                _mainCRTStartup
                0x00000000000083a8                _start
 .text.marshallHeader
                0x0000000000008494       0x28 /tmp/FlowAnalysisTest.axf.6VrUXi.ltrans0.ltrans.o
 .text.threadInitializer
                0x00000000000084bc        0x2 /tmp/FlowAnalysisTest.axf.6VrUXi.ltrans0.ltrans.o
 .text.cpptestCallCheckers
                0x00000000000084be       0x18 /tmp/FlowAnalysisTest.axf.6VrUXi.ltrans0.ltrans.o
 *fill*         0x00000000000084d6        0x2 
 .text.cpptestExecuteRuntimeCommand
                0x00000000000084d8       0x1c /tmp/FlowAnalysisTest.axf.6VrUXi.ltrans0.ltrans.o
 .text.getTestCaseResult
                0x00000000000084f4       0x30 /tmp/FlowAnalysisTest.axf.6VrUXi.ltrans0.ltrans.o
 .text.cpptestSendUint32
                0x0000000000008524       0x28 /tmp/FlowAnalysisTest.axf.6VrUXi.ltrans0.ltrans.o
 .text.cpptestSendUint16
                0x000000000000854c       0x1c /tmp/FlowAnalysisTest.axf.6VrUXi.ltrans0.ltrans.o
 .text.cpptestStrCaseCmp.part.0
                0x0000000000008568       0x48 /tmp/FlowAnalysisTest.axf.6VrUXi.ltrans0.ltrans.o
 .text.cpptestCharToDigit
                0x00000000000085b0       0x2a /tmp/FlowAnalysisTest.axf.6VrUXi.ltrans0.ltrans.o
 .text.cpptestStrCmp
                0x00000000000085da       0x32 /tmp/FlowAnalysisTest.axf.6VrUXi.ltrans0.ltrans.o
 .text.cpptestGetPropertyEx
                0x000000000000860c       0x68 /tmp/FlowAnalysisTest.axf.6VrUXi.ltrans0.ltrans.o
 .text.cpptestIsSpace
                0x0000000000008674       0x14 /tmp/FlowAnalysisTest.axf.6VrUXi.ltrans0.ltrans.o
 .text.cpptestGetUIntPropertyEx
                0x0000000000008688       0xa4 /tmp/FlowAnalysisTest.axf.6VrUXi.ltrans0.ltrans.o
 .text.cpptestStrToInteger.part.0
                0x000000000000872c       0xda /tmp/FlowAnalysisTest.axf.6VrUXi.ltrans0.ltrans.o
 .text.cpptestGetIntPropertyEx
                0x0000000000008806       0x30 /tmp/FlowAnalysisTest.axf.6VrUXi.ltrans0.ltrans.o
 *fill*         0x0000000000008836        0x2 
 .text.cpptestGetBoolPropertyEx
                0x0000000000008838       0x6c /tmp/FlowAnalysisTest.axf.6VrUXi.ltrans0.ltrans.o
 .text.cpptestStrLen
                0x00000000000088a4       0x14 /tmp/FlowAnalysisTest.axf.6VrUXi.ltrans0.ltrans.o
 .text.moveCallSequenceIterator
                0x00000000000088b8       0x2e /tmp/FlowAnalysisTest.axf.6VrUXi.ltrans0.ltrans.o
 .text.target_free_wrapper
                0x00000000000088e6        0x8 /tmp/FlowAnalysisTest.axf.6VrUXi.ltrans0.ltrans.o
 *fill*         0x00000000000088ee        0x2 
 .text.localTargetFree
                0x00000000000088f0       0x1c /tmp/FlowAnalysisTest.axf.6VrUXi.ltrans0.ltrans.o
 .text.runtimeCommandExpectationHandler
                0x000000000000890c       0x78 /tmp/FlowAnalysisTest.axf.6VrUXi.ltrans0.ltrans.o
 .text.tgr_remove_all_with_creation_time
                0x0000000000008984       0xa0 /tmp/FlowAnalysisTest.axf.6VrUXi.ltrans0.ltrans.o
 .text.runtimeCommandTriggerHandler
                0x0000000000008a24       0x4c /tmp/FlowAnalysisTest.axf.6VrUXi.ltrans0.ltrans.o
 .text.cpptestTreeClear
                0x0000000000008a70       0x22 /tmp/FlowAnalysisTest.axf.6VrUXi.ltrans0.ltrans.o
 *fill*         0x0000000000008a92        0x2 
 .text.getTime  0x0000000000008a94       0x3c /tmp/FlowAnalysisTest.axf.6VrUXi.ltrans0.ltrans.o
 .text.cpptestSendData
                0x0000000000008ad0       0x20 /tmp/FlowAnalysisTest.axf.6VrUXi.ltrans0.ltrans.o
 .text.sendCoverageData
                0x0000000000008af0       0x20 /tmp/FlowAnalysisTest.axf.6VrUXi.ltrans0.ltrans.o
 .text.cpptestCoverageCall.part.0.constprop.0
                0x0000000000008b10       0x54 /tmp/FlowAnalysisTest.axf.6VrUXi.ltrans0.ltrans.o
 .text.cpptestSendBuffer
                0x0000000000008b64       0x28 /tmp/FlowAnalysisTest.axf.6VrUXi.ltrans0.ltrans.o
 .text.cpptestSendLastNestedArgument
                0x0000000000008b8c       0x30 /tmp/FlowAnalysisTest.axf.6VrUXi.ltrans0.ltrans.o
 .text.cpptestSendLastArgument
                0x0000000000008bbc       0x48 /tmp/FlowAnalysisTest.axf.6VrUXi.ltrans0.ltrans.o
 .text.cpptestSendArgumentWithNestedArgs
                0x0000000000008c04       0x30 /tmp/FlowAnalysisTest.axf.6VrUXi.ltrans0.ltrans.o
 .text.cpptestSendUIntArgument
                0x0000000000008c34       0x6c /tmp/FlowAnalysisTest.axf.6VrUXi.ltrans0.ltrans.o
 .text.cpptestSendArgumentHeader
                0x0000000000008ca0       0x68 /tmp/FlowAnalysisTest.axf.6VrUXi.ltrans0.ltrans.o
 .text.cpptestSend
                0x0000000000008d08       0x5c /tmp/FlowAnalysisTest.axf.6VrUXi.ltrans0.ltrans.o
 .text.cpptestSendUIntegerArgument
                0x0000000000008d64       0x6c /tmp/FlowAnalysisTest.axf.6VrUXi.ltrans0.ltrans.o
 .text.cpptestSendIntegerArgument
                0x0000000000008dd0       0x22 /tmp/FlowAnalysisTest.axf.6VrUXi.ltrans0.ltrans.o
 .text.cpptestSendStringArgument
                0x0000000000008df2       0x24 /tmp/FlowAnalysisTest.axf.6VrUXi.ltrans0.ltrans.o
 .text.cpptestSendEventPositionArgument
                0x0000000000008e16       0x2c /tmp/FlowAnalysisTest.axf.6VrUXi.ltrans0.ltrans.o
 *fill*         0x0000000000008e42        0x2 
 .text.getData  0x0000000000008e44       0x90 /tmp/FlowAnalysisTest.axf.6VrUXi.ltrans0.ltrans.o
 .text.finalizeRuntimeAfterTestCaseExecution
                0x0000000000008ed4       0x68 /tmp/FlowAnalysisTest.axf.6VrUXi.ltrans0.ltrans.o
 .text.lockRuntime
                0x0000000000008f3c       0x18 /tmp/FlowAnalysisTest.axf.6VrUXi.ltrans0.ltrans.o
 .text.cpptestSendChunk
                0x0000000000008f54       0xa0 /tmp/FlowAnalysisTest.axf.6VrUXi.ltrans0.ltrans.o
 .text.localInitializeCommunication
                0x0000000000008ff4      0x138 /tmp/FlowAnalysisTest.axf.6VrUXi.ltrans0.ltrans.o
 .text.cpptestInitializeRuntime
                0x000000000000912c      0x15c /tmp/FlowAnalysisTest.axf.6VrUXi.ltrans0.ltrans.o
 .text.enterCoverageModule
                0x0000000000009288       0xd0 /tmp/FlowAnalysisTest.axf.6VrUXi.ltrans0.ltrans.o
 .text.cpptestCoverageStmt.constprop.0
                0x0000000000009358       0x50 /tmp/FlowAnalysisTest.axf.6VrUXi.ltrans0.ltrans.o
 .text.cpptestCoverageBlock.constprop.0
                0x00000000000093a8       0x60 /tmp/FlowAnalysisTest.axf.6VrUXi.ltrans0.ltrans.o
 .text.cpptestSendEmptyChunkWithArgs
                0x0000000000009408       0x54 /tmp/FlowAnalysisTest.axf.6VrUXi.ltrans0.ltrans.o
 .text.cpptestSendStackTraceTable
                0x000000000000945c       0x6c /tmp/FlowAnalysisTest.axf.6VrUXi.ltrans0.ltrans.o
 .text.sendStackTraceTable
                0x00000000000094c8       0x1e /tmp/FlowAnalysisTest.axf.6VrUXi.ltrans0.ltrans.o
 *fill*         0x00000000000094e6        0x2 
 .text.beginErrorProcessing
                0x00000000000094e8       0xa8 /tmp/FlowAnalysisTest.axf.6VrUXi.ltrans0.ltrans.o
 .text.cpptestFinalizeRuntime.part.0
                0x0000000000009590      0x1a4 /tmp/FlowAnalysisTest.axf.6VrUXi.ltrans0.ltrans.o
 .text.endErrorProcessing.constprop.0
                0x0000000000009734       0xa8 /tmp/FlowAnalysisTest.axf.6VrUXi.ltrans0.ltrans.o
 .text.cpptestStackTraceFuncStartInfo.constprop.0
                0x00000000000097dc       0xf8 /tmp/FlowAnalysisTest.axf.6VrUXi.ltrans0.ltrans.o
 .text.cpptestSendLimitedChunk
                0x00000000000098d4       0x8c /tmp/FlowAnalysisTest.axf.6VrUXi.ltrans0.ltrans.o
 .text.endOfCheckCallSequenceExpectation
                0x0000000000009960      0x10c /tmp/FlowAnalysisTest.axf.6VrUXi.ltrans0.ltrans.o
 .text.cpptestCheckTimeout
                0x0000000000009a6c       0x78 /tmp/FlowAnalysisTest.axf.6VrUXi.ltrans0.ltrans.o
 .text.cpptestStackTraceStmtInfo
                0x0000000000009ae4       0x68 /tmp/FlowAnalysisTest.axf.6VrUXi.ltrans0.ltrans.o
 .text.cpptestStackTraceExitRoutine
                0x0000000000009b4c       0x74 /tmp/FlowAnalysisTest.axf.6VrUXi.ltrans0.ltrans.o
 .text.TestSuite_sensor_c_269316db_testSuiteSetUp
                0x0000000000009bc0        0xc /tmp/FlowAnalysisTest.axf.6VrUXi.ltrans0.ltrans.o
 .text.cpptestIgnoreCurrStackElement
                0x0000000000009bcc       0x28 /tmp/FlowAnalysisTest.axf.6VrUXi.ltrans0.ltrans.o
 .text.TestSuite_sensor_c_269316db_call_slave
                0x0000000000009bf4       0x48 /tmp/FlowAnalysisTest.axf.6VrUXi.ltrans0.ltrans.o
 .text.target_malloc_wrapper
                0x0000000000009c3c        0x8 /tmp/FlowAnalysisTest.axf.6VrUXi.ltrans0.ltrans.o
 .text.target_relloc_wrapper
                0x0000000000009c44        0x8 /tmp/FlowAnalysisTest.axf.6VrUXi.ltrans0.ltrans.o
 .text.target_calloc_wrapper
                0x0000000000009c4c        0x8 /tmp/FlowAnalysisTest.axf.6VrUXi.ltrans0.ltrans.o
 .text.cpptestTestCaseSlave2
                0x0000000000009c54       0x2c /tmp/FlowAnalysisTest.axf.6VrUXi.ltrans0.ltrans.o
 .text.testCaseBreakFunc
                0x0000000000009c80       0x10 /tmp/FlowAnalysisTest.axf.6VrUXi.ltrans0.ltrans.o
 .text.TestSuite_sensor_c_269316db_test_case
                0x0000000000009c90      0x2a4 /tmp/FlowAnalysisTest.axf.6VrUXi.ltrans0.ltrans.o
 .text.TestSuite_sensor_c_269316db_callTest
                0x0000000000009f34      0x2ec /tmp/FlowAnalysisTest.axf.6VrUXi.ltrans0.ltrans.o
 .text.__errno  0x000000000000a220        0xc /opt/app/gcc-arm-none-eabi-9-2019-q4-major/bin/../lib/gcc/arm-none-eabi/9.2.1/../../../../arm-none-eabi/lib/thumb/v6-m/nofp/libg.a(lib_a-errno.o)
                0x000000000000a220                __errno
 .text._fclose_r
                0x000000000000a22c       0xdc /opt/app/gcc-arm-none-eabi-9-2019-q4-major/bin/../lib/gcc/arm-none-eabi/9.2.1/../../../../arm-none-eabi/lib/thumb/v6-m/nofp/libg.a(lib_a-fclose.o)
                0x000000000000a22c                _fclose_r
 .text.fclose   0x000000000000a308       0x14 /opt/app/gcc-arm-none-eabi-9-2019-q4-major/bin/../lib/gcc/arm-none-eabi/9.2.1/../../../../arm-none-eabi/lib/thumb/v6-m/nofp/libg.a(lib_a-fclose.o)
                0x000000000000a308                fclose
 .text.__sflush_r
                0x000000000000a31c      0x140 /opt/app/gcc-arm-none-eabi-9-2019-q4-major/bin/../lib/gcc/arm-none-eabi/9.2.1/../../../../arm-none-eabi/lib/thumb/v6-m/nofp/libg.a(lib_a-fflush.o)
                0x000000000000a31c                __sflush_r
 .text._fflush_r
                0x000000000000a45c       0x6c /opt/app/gcc-arm-none-eabi-9-2019-q4-major/bin/../lib/gcc/arm-none-eabi/9.2.1/../../../../arm-none-eabi/lib/thumb/v6-m/nofp/libg.a(lib_a-fflush.o)
                0x000000000000a45c                _fflush_r
 .text.fflush   0x000000000000a4c8       0x2c /opt/app/gcc-arm-none-eabi-9-2019-q4-major/bin/../lib/gcc/arm-none-eabi/9.2.1/../../../../arm-none-eabi/lib/thumb/v6-m/nofp/libg.a(lib_a-fflush.o)
                0x000000000000a4c8                fflush
 .text.std      0x000000000000a4f4       0x50 /opt/app/gcc-arm-none-eabi-9-2019-q4-major/bin/../lib/gcc/arm-none-eabi/9.2.1/../../../../arm-none-eabi/lib/thumb/v6-m/nofp/libg.a(lib_a-findfp.o)
 .text._cleanup_r
                0x000000000000a544       0x10 /opt/app/gcc-arm-none-eabi-9-2019-q4-major/bin/../lib/gcc/arm-none-eabi/9.2.1/../../../../arm-none-eabi/lib/thumb/v6-m/nofp/libg.a(lib_a-findfp.o)
                0x000000000000a544                _cleanup_r
 .text.__sfmoreglue
                0x000000000000a554       0x30 /opt/app/gcc-arm-none-eabi-9-2019-q4-major/bin/../lib/gcc/arm-none-eabi/9.2.1/../../../../arm-none-eabi/lib/thumb/v6-m/nofp/libg.a(lib_a-findfp.o)
                0x000000000000a554                __sfmoreglue
 .text.__sinit  0x000000000000a584       0x60 /opt/app/gcc-arm-none-eabi-9-2019-q4-major/bin/../lib/gcc/arm-none-eabi/9.2.1/../../../../arm-none-eabi/lib/thumb/v6-m/nofp/libg.a(lib_a-findfp.o)
                0x000000000000a584                __sinit
 .text.__sfp    0x000000000000a5e4       0xb0 /opt/app/gcc-arm-none-eabi-9-2019-q4-major/bin/../lib/gcc/arm-none-eabi/9.2.1/../../../../arm-none-eabi/lib/thumb/v6-m/nofp/libg.a(lib_a-findfp.o)
                0x000000000000a5e4                __sfp
 .text.__sfp_lock_acquire
                0x000000000000a694       0x10 /opt/app/gcc-arm-none-eabi-9-2019-q4-major/bin/../lib/gcc/arm-none-eabi/9.2.1/../../../../arm-none-eabi/lib/thumb/v6-m/nofp/libg.a(lib_a-findfp.o)
                0x000000000000a694                __sfp_lock_acquire
 .text.__sfp_lock_release
                0x000000000000a6a4       0x10 /opt/app/gcc-arm-none-eabi-9-2019-q4-major/bin/../lib/gcc/arm-none-eabi/9.2.1/../../../../arm-none-eabi/lib/thumb/v6-m/nofp/libg.a(lib_a-findfp.o)
                0x000000000000a6a4                __sfp_lock_release
 .text._fopen_r
                0x000000000000a6b4       0xb4 /opt/app/gcc-arm-none-eabi-9-2019-q4-major/bin/../lib/gcc/arm-none-eabi/9.2.1/../../../../arm-none-eabi/lib/thumb/v6-m/nofp/libg.a(lib_a-fopen.o)
                0x000000000000a6b4                _fopen_r
 .text.fopen    0x000000000000a768       0x18 /opt/app/gcc-arm-none-eabi-9-2019-q4-major/bin/../lib/gcc/arm-none-eabi/9.2.1/../../../../arm-none-eabi/lib/thumb/v6-m/nofp/libg.a(lib_a-fopen.o)
                0x000000000000a768                fopen
 .text._malloc_trim_r
                0x000000000000a780       0x9c /opt/app/gcc-arm-none-eabi-9-2019-q4-major/bin/../lib/gcc/arm-none-eabi/9.2.1/../../../../arm-none-eabi/lib/thumb/v6-m/nofp/libg.a(lib_a-freer.o)
                0x000000000000a780                _malloc_trim_r
 .text._free_r  0x000000000000a81c      0x1c4 /opt/app/gcc-arm-none-eabi-9-2019-q4-major/bin/../lib/gcc/arm-none-eabi/9.2.1/../../../../arm-none-eabi/lib/thumb/v6-m/nofp/libg.a(lib_a-freer.o)
                0x000000000000a81c                _free_r
 .text._fseek_r
                0x000000000000a9e0        0x8 /opt/app/gcc-arm-none-eabi-9-2019-q4-major/bin/../lib/gcc/arm-none-eabi/9.2.1/../../../../arm-none-eabi/lib/thumb/v6-m/nofp/libg.a(lib_a-fseek.o)
                0x000000000000a9e0                _fseek_r
 .text._fseeko_r
                0x000000000000a9e8      0x358 /opt/app/gcc-arm-none-eabi-9-2019-q4-major/bin/../lib/gcc/arm-none-eabi/9.2.1/../../../../arm-none-eabi/lib/thumb/v6-m/nofp/libg.a(lib_a-fseeko.o)
                0x000000000000a9e8                _fseeko_r
 .text._fstat_r
                0x000000000000ad40       0x28 /opt/app/gcc-arm-none-eabi-9-2019-q4-major/bin/../lib/gcc/arm-none-eabi/9.2.1/../../../../arm-none-eabi/lib/thumb/v6-m/nofp/libg.a(lib_a-fstatr.o)
                0x000000000000ad40                _fstat_r
 .text._fwalk   0x000000000000ad68       0x40 /opt/app/gcc-arm-none-eabi-9-2019-q4-major/bin/../lib/gcc/arm-none-eabi/9.2.1/../../../../arm-none-eabi/lib/thumb/v6-m/nofp/libg.a(lib_a-fwalk.o)
                0x000000000000ad68                _fwalk
 .text._fwalk_reent
                0x000000000000ada8       0x48 /opt/app/gcc-arm-none-eabi-9-2019-q4-major/bin/../lib/gcc/arm-none-eabi/9.2.1/../../../../arm-none-eabi/lib/thumb/v6-m/nofp/libg.a(lib_a-fwalk.o)
                0x000000000000ada8                _fwalk_reent
 .text.__libc_init_array
                0x000000000000adf0       0x44 /opt/app/gcc-arm-none-eabi-9-2019-q4-major/bin/../lib/gcc/arm-none-eabi/9.2.1/../../../../arm-none-eabi/lib/thumb/v6-m/nofp/libg.a(lib_a-init.o)
                0x000000000000adf0                __libc_init_array
 .text.__retarget_lock_init_recursive
                0x000000000000ae34        0x4 /opt/app/gcc-arm-none-eabi-9-2019-q4-major/bin/../lib/gcc/arm-none-eabi/9.2.1/../../../../arm-none-eabi/lib/thumb/v6-m/nofp/libg.a(lib_a-lock.o)
                0x000000000000ae34                __retarget_lock_init_recursive
 .text.__retarget_lock_close_recursive
                0x000000000000ae38        0x4 /opt/app/gcc-arm-none-eabi-9-2019-q4-major/bin/../lib/gcc/arm-none-eabi/9.2.1/../../../../arm-none-eabi/lib/thumb/v6-m/nofp/libg.a(lib_a-lock.o)
                0x000000000000ae38                __retarget_lock_close_recursive
 .text.__retarget_lock_acquire_recursive
                0x000000000000ae3c        0x4 /opt/app/gcc-arm-none-eabi-9-2019-q4-major/bin/../lib/gcc/arm-none-eabi/9.2.1/../../../../arm-none-eabi/lib/thumb/v6-m/nofp/libg.a(lib_a-lock.o)
                0x000000000000ae3c                __retarget_lock_acquire_recursive
 .text.__retarget_lock_release_recursive
                0x000000000000ae40        0x4 /opt/app/gcc-arm-none-eabi-9-2019-q4-major/bin/../lib/gcc/arm-none-eabi/9.2.1/../../../../arm-none-eabi/lib/thumb/v6-m/nofp/libg.a(lib_a-lock.o)
                0x000000000000ae40                __retarget_lock_release_recursive
 .text.__swhatbuf_r
                0x000000000000ae44       0x60 /opt/app/gcc-arm-none-eabi-9-2019-q4-major/bin/../lib/gcc/arm-none-eabi/9.2.1/../../../../arm-none-eabi/lib/thumb/v6-m/nofp/libg.a(lib_a-makebuf.o)
                0x000000000000ae44                __swhatbuf_r
 .text.__smakebuf_r
                0x000000000000aea4       0x90 /opt/app/gcc-arm-none-eabi-9-2019-q4-major/bin/../lib/gcc/arm-none-eabi/9.2.1/../../../../arm-none-eabi/lib/thumb/v6-m/nofp/libg.a(lib_a-makebuf.o)
                0x000000000000aea4                __smakebuf_r
 .text._malloc_r
                0x000000000000af34      0x580 /opt/app/gcc-arm-none-eabi-9-2019-q4-major/bin/../lib/gcc/arm-none-eabi/9.2.1/../../../../arm-none-eabi/lib/thumb/v6-m/nofp/libg.a(lib_a-mallocr.o)
                0x000000000000af34                _malloc_r
 .text.memchr   0x000000000000b4b4       0x74 /opt/app/gcc-arm-none-eabi-9-2019-q4-major/bin/../lib/gcc/arm-none-eabi/9.2.1/../../../../arm-none-eabi/lib/thumb/v6-m/nofp/libg.a(lib_a-memchr-stub.o)
                0x000000000000b4b4                memchr
 .text.memcpy   0x000000000000b528       0xa4 /opt/app/gcc-arm-none-eabi-9-2019-q4-major/bin/../lib/gcc/arm-none-eabi/9.2.1/../../../../arm-none-eabi/lib/thumb/v6-m/nofp/libg.a(lib_a-memcpy-stub.o)
                0x000000000000b528                memcpy
 .text.memset   0x000000000000b5cc       0xa8 /opt/app/gcc-arm-none-eabi-9-2019-q4-major/bin/../lib/gcc/arm-none-eabi/9.2.1/../../../../arm-none-eabi/lib/thumb/v6-m/nofp/libg.a(lib_a-memset.o)
                0x000000000000b5cc                memset
 .text.__malloc_lock
                0x000000000000b674       0x10 /opt/app/gcc-arm-none-eabi-9-2019-q4-major/bin/../lib/gcc/arm-none-eabi/9.2.1/../../../../arm-none-eabi/lib/thumb/v6-m/nofp/libg.a(lib_a-mlock.o)
                0x000000000000b674                __malloc_lock
 .text.__malloc_unlock
                0x000000000000b684       0x10 /opt/app/gcc-arm-none-eabi-9-2019-q4-major/bin/../lib/gcc/arm-none-eabi/9.2.1/../../../../arm-none-eabi/lib/thumb/v6-m/nofp/libg.a(lib_a-mlock.o)
                0x000000000000b684                __malloc_unlock
 .text._open_r  0x000000000000b694       0x28 /opt/app/gcc-arm-none-eabi-9-2019-q4-major/bin/../lib/gcc/arm-none-eabi/9.2.1/../../../../arm-none-eabi/lib/thumb/v6-m/nofp/libg.a(lib_a-openr.o)
                0x000000000000b694                _open_r
 .text.lflush   0x000000000000b6bc       0x1c /opt/app/gcc-arm-none-eabi-9-2019-q4-major/bin/../lib/gcc/arm-none-eabi/9.2.1/../../../../arm-none-eabi/lib/thumb/v6-m/nofp/libg.a(lib_a-refill.o)
 .text.__srefill_r
                0x000000000000b6d8      0x124 /opt/app/gcc-arm-none-eabi-9-2019-q4-major/bin/../lib/gcc/arm-none-eabi/9.2.1/../../../../arm-none-eabi/lib/thumb/v6-m/nofp/libg.a(lib_a-refill.o)
                0x000000000000b6d8                __srefill_r
 .text._sbrk_r  0x000000000000b7fc       0x24 /opt/app/gcc-arm-none-eabi-9-2019-q4-major/bin/../lib/gcc/arm-none-eabi/9.2.1/../../../../arm-none-eabi/lib/thumb/v6-m/nofp/libg.a(lib_a-sbrkr.o)
                0x000000000000b7fc                _sbrk_r
 .text          0x000000000000b820       0x34 /opt/app/gcc-arm-none-eabi-9-2019-q4-major/bin/../lib/gcc/arm-none-eabi/9.2.1/../../../../arm-none-eabi/lib/thumb/v6-m/nofp/libg.a(lib_a-setjmp.o)
                0x000000000000b820                setjmp
                0x000000000000b838                longjmp
 .text.__sread  0x000000000000b854       0x28 /opt/app/gcc-arm-none-eabi-9-2019-q4-major/bin/../lib/gcc/arm-none-eabi/9.2.1/../../../../arm-none-eabi/lib/thumb/v6-m/nofp/libg.a(lib_a-stdio.o)
                0x000000000000b854                __sread
 .text.__swrite
                0x000000000000b87c       0x40 /opt/app/gcc-arm-none-eabi-9-2019-q4-major/bin/../lib/gcc/arm-none-eabi/9.2.1/../../../../arm-none-eabi/lib/thumb/v6-m/nofp/libg.a(lib_a-stdio.o)
                0x000000000000b87c                __swrite
 .text.__sseek  0x000000000000b8bc       0x2c /opt/app/gcc-arm-none-eabi-9-2019-q4-major/bin/../lib/gcc/arm-none-eabi/9.2.1/../../../../arm-none-eabi/lib/thumb/v6-m/nofp/libg.a(lib_a-stdio.o)
                0x000000000000b8bc                __sseek
 .text.__sclose
                0x000000000000b8e8        0xc /opt/app/gcc-arm-none-eabi-9-2019-q4-major/bin/../lib/gcc/arm-none-eabi/9.2.1/../../../../arm-none-eabi/lib/thumb/v6-m/nofp/libg.a(lib_a-stdio.o)
                0x000000000000b8e8                __sclose
 .text.getpid   0x000000000000b8f4       0x10 /opt/app/gcc-arm-none-eabi-9-2019-q4-major/bin/../lib/gcc/arm-none-eabi/9.2.1/../../../../arm-none-eabi/lib/thumb/v6-m/nofp/libg.a(lib_a-sysgetpid.o)
                0x000000000000b8f4                getpid
 .text.gettimeofday
                0x000000000000b904       0x18 /opt/app/gcc-arm-none-eabi-9-2019-q4-major/bin/../lib/gcc/arm-none-eabi/9.2.1/../../../../arm-none-eabi/lib/thumb/v6-m/nofp/libg.a(lib_a-sysgettod.o)
                0x000000000000b904                gettimeofday
 .text._write_r
                0x000000000000b91c       0x28 /opt/app/gcc-arm-none-eabi-9-2019-q4-major/bin/../lib/gcc/arm-none-eabi/9.2.1/../../../../arm-none-eabi/lib/thumb/v6-m/nofp/libg.a(lib_a-writer.o)
                0x000000000000b91c                _write_r
 .text.__call_exitprocs
                0x000000000000b944       0xe4 /opt/app/gcc-arm-none-eabi-9-2019-q4-major/bin/../lib/gcc/arm-none-eabi/9.2.1/../../../../arm-none-eabi/lib/thumb/v6-m/nofp/libg.a(lib_a-__call_atexit.o)
                0x000000000000b944                __call_exitprocs
 .text.atexit   0x000000000000ba28       0x10 /opt/app/gcc-arm-none-eabi-9-2019-q4-major/bin/../lib/gcc/arm-none-eabi/9.2.1/../../../../arm-none-eabi/lib/thumb/v6-m/nofp/libg.a(lib_a-atexit.o)
                0x000000000000ba28                atexit
 .text._close_r
                0x000000000000ba38       0x24 /opt/app/gcc-arm-none-eabi-9-2019-q4-major/bin/../lib/gcc/arm-none-eabi/9.2.1/../../../../arm-none-eabi/lib/thumb/v6-m/nofp/libg.a(lib_a-closer.o)
                0x000000000000ba38                _close_r
 .text.__libc_fini_array
                0x000000000000ba5c       0x28 /opt/app/gcc-arm-none-eabi-9-2019-q4-major/bin/../lib/gcc/arm-none-eabi/9.2.1/../../../../arm-none-eabi/lib/thumb/v6-m/nofp/libg.a(lib_a-fini.o)
                0x000000000000ba5c                __libc_fini_array
 .text.__sflags
                0x000000000000ba84       0xa0 /opt/app/gcc-arm-none-eabi-9-2019-q4-major/bin/../lib/gcc/arm-none-eabi/9.2.1/../../../../arm-none-eabi/lib/thumb/v6-m/nofp/libg.a(lib_a-flags.o)
                0x000000000000ba84                __sflags
 .text._gettimeofday_r
                0x000000000000bb24       0x28 /opt/app/gcc-arm-none-eabi-9-2019-q4-major/bin/../lib/gcc/arm-none-eabi/9.2.1/../../../../arm-none-eabi/lib/thumb/v6-m/nofp/libg.a(lib_a-gettimeofdayr.o)
                0x000000000000bb24                _gettimeofday_r
 .text._isatty_r
                0x000000000000bb4c       0x24 /opt/app/gcc-arm-none-eabi-9-2019-q4-major/bin/../lib/gcc/arm-none-eabi/9.2.1/../../../../arm-none-eabi/lib/thumb/v6-m/nofp/libg.a(lib_a-isattyr.o)
                0x000000000000bb4c                _isatty_r
 .text._lseek_r
                0x000000000000bb70       0x28 /opt/app/gcc-arm-none-eabi-9-2019-q4-major/bin/../lib/gcc/arm-none-eabi/9.2.1/../../../../arm-none-eabi/lib/thumb/v6-m/nofp/libg.a(lib_a-lseekr.o)
                0x000000000000bb70                _lseek_r
 .text._read_r  0x000000000000bb98       0x28 /opt/app/gcc-arm-none-eabi-9-2019-q4-major/bin/../lib/gcc/arm-none-eabi/9.2.1/../../../../arm-none-eabi/lib/thumb/v6-m/nofp/libg.a(lib_a-readr.o)
                0x000000000000bb98                _read_r
 .text._getpid_r
                0x000000000000bbc0        0x8 /opt/app/gcc-arm-none-eabi-9-2019-q4-major/bin/../lib/gcc/arm-none-eabi/9.2.1/../../../../arm-none-eabi/lib/thumb/v6-m/nofp/libg.a(lib_a-signalr.o)
                0x000000000000bbc0                _getpid_r
 .text.__register_exitproc
                0x000000000000bbc8       0xac /opt/app/gcc-arm-none-eabi-9-2019-q4-major/bin/../lib/gcc/arm-none-eabi/9.2.1/../../../../arm-none-eabi/lib/thumb/v6-m/nofp/libg.a(lib_a-__atexit.o)
                0x000000000000bbc8                __register_exitproc
 .text.calloc   0x000000000000bc74       0x18 /opt/app/gcc-arm-none-eabi-9-2019-q4-major/bin/../lib/gcc/arm-none-eabi/9.2.1/../../../../arm-none-eabi/lib/thumb/v6-m/nofp/libg.a(lib_a-calloc.o)
                0x000000000000bc74                calloc
 .text._calloc_r
                0x000000000000bc8c       0x5c /opt/app/gcc-arm-none-eabi-9-2019-q4-major/bin/../lib/gcc/arm-none-eabi/9.2.1/../../../../arm-none-eabi/lib/thumb/v6-m/nofp/libg.a(lib_a-callocr.o)
                0x000000000000bc8c                _calloc_r
 .text._fwrite_r
                0x000000000000bce8       0xb0 /opt/app/gcc-arm-none-eabi-9-2019-q4-major/bin/../lib/gcc/arm-none-eabi/9.2.1/../../../../arm-none-eabi/lib/thumb/v6-m/nofp/libg.a(lib_a-fwrite.o)
                0x000000000000bce8                _fwrite_r
 .text.fwrite   0x000000000000bd98       0x20 /opt/app/gcc-arm-none-eabi-9-2019-q4-major/bin/../lib/gcc/arm-none-eabi/9.2.1/../../../../arm-none-eabi/lib/thumb/v6-m/nofp/libg.a(lib_a-fwrite.o)
                0x000000000000bd98                fwrite
 .text.malloc   0x000000000000bdb8       0x14 /opt/app/gcc-arm-none-eabi-9-2019-q4-major/bin/../lib/gcc/arm-none-eabi/9.2.1/../../../../arm-none-eabi/lib/thumb/v6-m/nofp/libg.a(lib_a-malloc.o)
                0x000000000000bdb8                malloc
 .text.free     0x000000000000bdcc       0x14 /opt/app/gcc-arm-none-eabi-9-2019-q4-major/bin/../lib/gcc/arm-none-eabi/9.2.1/../../../../arm-none-eabi/lib/thumb/v6-m/nofp/libg.a(lib_a-malloc.o)
                0x000000000000bdcc                free
 .text.realloc  0x000000000000bde0       0x18 /opt/app/gcc-arm-none-eabi-9-2019-q4-major/bin/../lib/gcc/arm-none-eabi/9.2.1/../../../../arm-none-eabi/lib/thumb/v6-m/nofp/libg.a(lib_a-realloc.o)
                0x000000000000bde0                realloc
 .text._realloc_r
                0x000000000000bdf8      0x358 /opt/app/gcc-arm-none-eabi-9-2019-q4-major/bin/../lib/gcc/arm-none-eabi/9.2.1/../../../../arm-none-eabi/lib/thumb/v6-m/nofp/libg.a(lib_a-reallocr.o)
                0x000000000000bdf8                _realloc_r
 .text.__sfvwrite_r
                0x000000000000c150      0x2f0 /opt/app/gcc-arm-none-eabi-9-2019-q4-major/bin/../lib/gcc/arm-none-eabi/9.2.1/../../../../arm-none-eabi/lib/thumb/v6-m/nofp/libg.a(lib_a-fvwrite.o)
                0x000000000000c150                __sfvwrite_r
 .text.memmove  0x000000000000c440       0xb8 /opt/app/gcc-arm-none-eabi-9-2019-q4-major/bin/../lib/gcc/arm-none-eabi/9.2.1/../../../../arm-none-eabi/lib/thumb/v6-m/nofp/libg.a(lib_a-memmove.o)
                0x000000000000c440                memmove
 .text.__swsetup_r
                0x000000000000c4f8       0xd4 /opt/app/gcc-arm-none-eabi-9-2019-q4-major/bin/../lib/gcc/arm-none-eabi/9.2.1/../../../../arm-none-eabi/lib/thumb/v6-m/nofp/libg.a(lib_a-wsetup.o)
                0x000000000000c4f8                __swsetup_r
 .text          0x000000000000c5cc      0x114 /opt/app/gcc-arm-none-eabi-9-2019-q4-major/bin/../lib/gcc/arm-none-eabi/9.2.1/thumb/v6-m/nofp/libgcc.a(_udivsi3.o)
                0x000000000000c5cc                __udivsi3
                0x000000000000c5cc                __aeabi_uidiv
                0x000000000000c6d8                __aeabi_uidivmod
 .text          0x000000000000c6e0        0x4 /opt/app/gcc-arm-none-eabi-9-2019-q4-major/bin/../lib/gcc/arm-none-eabi/9.2.1/thumb/v6-m/nofp/libgcc.a(_dvmd_tls.o)
                0x000000000000c6e0                __aeabi_ldiv0
                0x000000000000c6e0                __aeabi_idiv0
 .text.findslot
                0x000000000000c6e4       0x38 /opt/app/gcc-arm-none-eabi-9-2019-q4-major/bin/../lib/gcc/arm-none-eabi/9.2.1/../../../../arm-none-eabi/lib/thumb/v6-m/nofp/librdimon.a(rdimon-syscalls.o)
 .text.checkerror.part.0
                0x000000000000c71c       0x1c /opt/app/gcc-arm-none-eabi-9-2019-q4-major/bin/../lib/gcc/arm-none-eabi/9.2.1/../../../../arm-none-eabi/lib/thumb/v6-m/nofp/librdimon.a(rdimon-syscalls.o)
 .text._read    0x000000000000c738       0x5c /opt/app/gcc-arm-none-eabi-9-2019-q4-major/bin/../lib/gcc/arm-none-eabi/9.2.1/../../../../arm-none-eabi/lib/thumb/v6-m/nofp/librdimon.a(rdimon-syscalls.o)
                0x000000000000c738                _read
 .text._swilseek
                0x000000000000c794       0x90 /opt/app/gcc-arm-none-eabi-9-2019-q4-major/bin/../lib/gcc/arm-none-eabi/9.2.1/../../../../arm-none-eabi/lib/thumb/v6-m/nofp/librdimon.a(rdimon-syscalls.o)
                0x000000000000c794                _swilseek
 .text._lseek   0x000000000000c824        0x8 /opt/app/gcc-arm-none-eabi-9-2019-q4-major/bin/../lib/gcc/arm-none-eabi/9.2.1/../../../../arm-none-eabi/lib/thumb/v6-m/nofp/librdimon.a(rdimon-syscalls.o)
                0x000000000000c824                _lseek
 .text._write   0x000000000000c82c       0x7c /opt/app/gcc-arm-none-eabi-9-2019-q4-major/bin/../lib/gcc/arm-none-eabi/9.2.1/../../../../arm-none-eabi/lib/thumb/v6-m/nofp/librdimon.a(rdimon-syscalls.o)
                0x000000000000c82c                _write
 .text._close   0x000000000000c8a8       0x64 /opt/app/gcc-arm-none-eabi-9-2019-q4-major/bin/../lib/gcc/arm-none-eabi/9.2.1/../../../../arm-none-eabi/lib/thumb/v6-m/nofp/librdimon.a(rdimon-syscalls.o)
                0x000000000000c8a8                _close
 .text._getpid  0x000000000000c90c        0x4 /opt/app/gcc-arm-none-eabi-9-2019-q4-major/bin/../lib/gcc/arm-none-eabi/9.2.1/../../../../arm-none-eabi/lib/thumb/v6-m/nofp/librdimon.a(rdimon-syscalls.o)
                0x000000000000c90c                _getpid
 .text._sbrk    0x000000000000c910       0x4c /opt/app/gcc-arm-none-eabi-9-2019-q4-major/bin/../lib/gcc/arm-none-eabi/9.2.1/../../../../arm-none-eabi/lib/thumb/v6-m/nofp/librdimon.a(rdimon-syscalls.o)
                0x000000000000c910                _sbrk
 .text._swistat
                0x000000000000c95c       0x4c /opt/app/gcc-arm-none-eabi-9-2019-q4-major/bin/../lib/gcc/arm-none-eabi/9.2.1/../../../../arm-none-eabi/lib/thumb/v6-m/nofp/librdimon.a(rdimon-syscalls.o)
                0x000000000000c95c                _swistat
 .text._fstat   0x000000000000c9a8       0x1c /opt/app/gcc-arm-none-eabi-9-2019-q4-major/bin/../lib/gcc/arm-none-eabi/9.2.1/../../../../arm-none-eabi/lib/thumb/v6-m/nofp/librdimon.a(rdimon-syscalls.o)
                0x000000000000c9a8                _fstat
 .text._stat    0x000000000000c9c4       0x40 /opt/app/gcc-arm-none-eabi-9-2019-q4-major/bin/../lib/gcc/arm-none-eabi/9.2.1/../../../../arm-none-eabi/lib/thumb/v6-m/nofp/librdimon.a(rdimon-syscalls.o)
                0x000000000000c9c4                _stat
 .text._swiopen
                0x000000000000ca04       0xd0 /opt/app/gcc-arm-none-eabi-9-2019-q4-major/bin/../lib/gcc/arm-none-eabi/9.2.1/../../../../arm-none-eabi/lib/thumb/v6-m/nofp/librdimon.a(rdimon-syscalls.o)
                0x000000000000ca04                _swiopen
 .text._open    0x000000000000cad4       0x10 /opt/app/gcc-arm-none-eabi-9-2019-q4-major/bin/../lib/gcc/arm-none-eabi/9.2.1/../../../../arm-none-eabi/lib/thumb/v6-m/nofp/librdimon.a(rdimon-syscalls.o)
                0x000000000000cad4                _open
 .text._get_semihosting_exts
                0x000000000000cae4       0xc4 /opt/app/gcc-arm-none-eabi-9-2019-q4-major/bin/../lib/gcc/arm-none-eabi/9.2.1/../../../../arm-none-eabi/lib/thumb/v6-m/nofp/librdimon.a(rdimon-syscalls.o)
                0x000000000000cae4                _get_semihosting_exts
 .text.initialise_semihosting_exts
                0x000000000000cba8       0x38 /opt/app/gcc-arm-none-eabi-9-2019-q4-major/bin/../lib/gcc/arm-none-eabi/9.2.1/../../../../arm-none-eabi/lib/thumb/v6-m/nofp/librdimon.a(rdimon-syscalls.o)
 .text._has_ext_exit_extended
                0x000000000000cbe0       0x18 /opt/app/gcc-arm-none-eabi-9-2019-q4-major/bin/../lib/gcc/arm-none-eabi/9.2.1/../../../../arm-none-eabi/lib/thumb/v6-m/nofp/librdimon.a(rdimon-syscalls.o)
                0x000000000000cbe0                _has_ext_exit_extended
 .text.initialise_monitor_handles
                0x000000000000cbf8      0x114 /opt/app/gcc-arm-none-eabi-9-2019-q4-major/bin/../lib/gcc/arm-none-eabi/9.2.1/../../../../arm-none-eabi/lib/thumb/v6-m/nofp/librdimon.a(rdimon-syscalls.o)
                0x000000000000cbf8                initialise_monitor_handles
 .text._gettimeofday
                0x000000000000cd0c       0x2c /opt/app/gcc-arm-none-eabi-9-2019-q4-major/bin/../lib/gcc/arm-none-eabi/9.2.1/../../../../arm-none-eabi/lib/thumb/v6-m/nofp/librdimon.a(rdimon-syscalls.o)
                0x000000000000cd0c                _gettimeofday
 .text._isatty  0x000000000000cd38       0x40 /opt/app/gcc-arm-none-eabi-9-2019-q4-major/bin/../lib/gcc/arm-none-eabi/9.2.1/../../../../arm-none-eabi/lib/thumb/v6-m/nofp/librdimon.a(rdimon-syscalls.o)
                0x000000000000cd38                _isatty
 .text._exit    0x000000000000cd78       0x14 /opt/app/gcc-arm-none-eabi-9-2019-q4-major/bin/../lib/gcc/arm-none-eabi/9.2.1/../../../../arm-none-eabi/lib/thumb/v6-m/nofp/librdimon.a(rdimon-_exit.o)
                0x000000000000cd78                _exit
 .text._kill_shared
                0x000000000000cd8c       0x2c /opt/app/gcc-arm-none-eabi-9-2019-q4-major/bin/../lib/gcc/arm-none-eabi/9.2.1/../../../../arm-none-eabi/lib/thumb/v6-m/nofp/librdimon.a(rdimon-_kill.o)
                0x000000000000cd8c                _kill_shared
 .text.strlen   0x000000000000cdb8       0x5c /opt/app/gcc-arm-none-eabi-9-2019-q4-major/bin/../lib/gcc/arm-none-eabi/9.2.1/../../../../arm-none-eabi/lib/thumb/v6-m/nofp/libc.a(lib_a-strlen-stub.o)
                0x000000000000cdb8                strlen
 .text          0x000000000000ce14       0x40 /opt/app/gcc-arm-none-eabi-9-2019-q4-major/bin/../lib/gcc/arm-none-eabi/9.2.1/thumb/v6-m/nofp/libgcc.a(_aeabi_uldivmod.o)
                0x000000000000ce14                __aeabi_uldivmod
 .text          0x000000000000ce54       0x50 /opt/app/gcc-arm-none-eabi-9-2019-q4-major/bin/../lib/gcc/arm-none-eabi/9.2.1/thumb/v6-m/nofp/libgcc.a(_muldi3.o)
                0x000000000000ce54                __aeabi_lmul
                0x000000000000ce54                __muldi3
 .text          0x000000000000cea4      0x198 /opt/app/gcc-arm-none-eabi-9-2019-q4-major/bin/../lib/gcc/arm-none-eabi/9.2.1/thumb/v6-m/nofp/libgcc.a(_udivmoddi4.o)
                0x000000000000cea4                __udivmoddi4
 .text          0x000000000000d03c       0x18 /opt/app/gcc-arm-none-eabi-9-2019-q4-major/bin/../lib/gcc/arm-none-eabi/9.2.1/thumb/v6-m/nofp/libgcc.a(_clzdi2.o)
                0x000000000000d03c                __clzdi2
 .text          0x000000000000d054       0x3c /opt/app/gcc-arm-none-eabi-9-2019-q4-major/bin/../lib/gcc/arm-none-eabi/9.2.1/thumb/v6-m/nofp/libgcc.a(_clzsi2.o)
                0x000000000000d054                __clzsi2
 .text          0x000000000000d090      0x1d4 /opt/app/gcc-arm-none-eabi-9-2019-q4-major/bin/../lib/gcc/arm-none-eabi/9.2.1/thumb/v6-m/nofp/libgcc.a(_divsi3.o)
                0x000000000000d090                __aeabi_idiv
                0x000000000000d090                __divsi3
                0x000000000000d25c                __aeabi_idivmod
 *(.gnu.warning)
 *(.glue_7t)
 .glue_7t       0x000000000000d264        0x0 linker stubs
 *(.glue_7)
 .glue_7        0x000000000000d264        0x0 linker stubs
 *(.vfp11_veneer)
 .vfp11_veneer  0x000000000000d264        0x0 linker stubs
 *(.v4_bx)
 .v4_bx         0x000000000000d264        0x0 linker stubs

.fini           0x000000000000d264        0xc
 *(SORT_NONE(.fini))
 .fini          0x000000000000d264        0x4 /opt/app/gcc-arm-none-eabi-9-2019-q4-major/bin/../lib/gcc/arm-none-eabi/9.2.1/thumb/v6-m/nofp/crti.o
                0x000000000000d264                _fini
 .fini          0x000000000000d268        0x8 /opt/app/gcc-arm-none-eabi-9-2019-q4-major/bin/../lib/gcc/arm-none-eabi/9.2.1/thumb/v6-m/nofp/crtn.o
                [!provide]                        PROVIDE (__etext = .)
                [!provide]                        PROVIDE (_etext = .)
                [!provide]                        PROVIDE (etext = .)

.rodata         0x000000000000d270      0x498
 *(.rodata .rodata.* .gnu.linkonce.r.*)
 .rodata.cpptestGetBoolPropertyEx.str1.1
                0x000000000000d270        0xb /tmp/FlowAnalysisTest.axf.6VrUXi.ltrans0.ltrans.o
 .rodata.localInitializeCommunication.str1.1
                0x000000000000d27b       0x65 /tmp/FlowAnalysisTest.axf.6VrUXi.ltrans0.ltrans.o
                                         0x8f (size before relaxing)
 .rodata.cpptestInitializeRuntime.str1.1
                0x000000000000d2e0      0x118 /tmp/FlowAnalysisTest.axf.6VrUXi.ltrans0.ltrans.o
 .rodata.endErrorProcessing.constprop.0.str1.1
                0x000000000000d3f8      0x118 /tmp/FlowAnalysisTest.axf.6VrUXi.ltrans0.ltrans.o
                                          0x1 (size before relaxing)
 .rodata.TestSuite_sensor_c_269316db_test_case.str1.1
                0x000000000000d3f8       0x76 /tmp/FlowAnalysisTest.axf.6VrUXi.ltrans0.ltrans.o
                                         0x78 (size before relaxing)
 .rodata.TestSuite_sensor_c_269316db_callTest.str1.1
                0x000000000000d46e       0x37 /tmp/FlowAnalysisTest.axf.6VrUXi.ltrans0.ltrans.o
 .rodata.main.str1.1
                0x000000000000d4a5       0x68 /tmp/FlowAnalysisTest.axf.6VrUXi.ltrans0.ltrans.o
 .rodata.str1.1
                0x000000000000d50d      0x1d9 /tmp/FlowAnalysisTest.axf.6VrUXi.ltrans0.ltrans.o
 *fill*         0x000000000000d6e6        0x2 
 .rodata._global_impure_ptr
                0x000000000000d6e8        0x4 /opt/app/gcc-arm-none-eabi-9-2019-q4-major/bin/../lib/gcc/arm-none-eabi/9.2.1/../../../../arm-none-eabi/lib/thumb/v6-m/nofp/libg.a(lib_a-impure.o)
                0x000000000000d6e8                _global_impure_ptr
 .rodata._get_semihosting_exts.str1.4
                0x000000000000d6ec       0x16 /opt/app/gcc-arm-none-eabi-9-2019-q4-major/bin/../lib/gcc/arm-none-eabi/9.2.1/../../../../arm-none-eabi/lib/thumb/v6-m/nofp/librdimon.a(rdimon-syscalls.o)
 *fill*         0x000000000000d702        0x2 
 .rodata.initialise_monitor_handles.str1.4
                0x000000000000d704        0x4 /opt/app/gcc-arm-none-eabi-9-2019-q4-major/bin/../lib/gcc/arm-none-eabi/9.2.1/../../../../arm-none-eabi/lib/thumb/v6-m/nofp/librdimon.a(rdimon-syscalls.o)

.rodata1
 *(.rodata1)

.ARM.extab
 *(.ARM.extab* .gnu.linkonce.armextab.*)
                [!provide]                        PROVIDE (__exidx_start = .)

.ARM.exidx      0x000000000000d708        0x8
 *(.ARM.exidx* .gnu.linkonce.armexidx.*)
 .ARM.exidx     0x000000000000d708        0x8 /opt/app/gcc-arm-none-eabi-9-2019-q4-major/bin/../lib/gcc/arm-none-eabi/9.2.1/../../../../arm-none-eabi/lib/thumb/v6-m/nofp/rdimon-crt0.o
 .ARM.exidx     0x000000000000d710        0x0 /opt/app/gcc-arm-none-eabi-9-2019-q4-major/bin/../lib/gcc/arm-none-eabi/9.2.1/thumb/v6-m/nofp/libgcc.a(_udivmoddi4.o)
                                          0x8 (size before relaxing)
                [!provide]                        PROVIDE (__exidx_end = .)

.eh_frame_hdr
 *(.eh_frame_hdr)
 *(.eh_frame_entry .eh_frame_entry.*)

.eh_frame       0x000000000000d710        0x4
 *(.eh_frame)
 .eh_frame      0x000000000000d710        0x0 /opt/app/gcc-arm-none-eabi-9-2019-q4-major/bin/../lib/gcc/arm-none-eabi/9.2.1/thumb/v6-m/nofp/crtbegin.o
 .eh_frame      0x000000000000d710        0x4 /opt/app/gcc-arm-none-eabi-9-2019-q4-major/bin/../lib/gcc/arm-none-eabi/9.2.1/thumb/v6-m/nofp/crtend.o
 *(.eh_frame.*)

.gcc_except_table
 *(.gcc_except_table .gcc_except_table.*)

.gnu_extab
 *(.gnu_extab*)

.exception_ranges
 *(.exception_ranges*)
                0x000000000001d714                . = (ALIGN (CONSTANT (MAXPAGESIZE)) + (. & (CONSTANT (MAXPAGESIZE) - 0x1)))

.eh_frame
 *(.eh_frame)
 *(.eh_frame.*)

.gnu_extab
 *(.gnu_extab)

.gcc_except_table
 *(.gcc_except_table .gcc_except_table.*)

.exception_ranges
 *(.exception_ranges*)

.tdata          0x000000000001d714        0x0
                [!provide]                        PROVIDE (__tdata_start = .)
 *(.tdata .tdata.* .gnu.linkonce.td.*)

.tbss
 *(.tbss .tbss.* .gnu.linkonce.tb.*)
 *(.tcommon)

.preinit_array  0x000000000001d714        0x0
                0x000000000001d714                PROVIDE (__preinit_array_start = .)
 *(.preinit_array)
                0x000000000001d714                PROVIDE (__preinit_array_end = .)

.init_array     0x000000000001d714        0x8
                0x000000000001d714                PROVIDE (__init_array_start = .)
 *(SORT_BY_INIT_PRIORITY(.init_array.*) SORT_BY_INIT_PRIORITY(.ctors.*))
 .init_array.00000
                0x000000000001d714        0x4 /opt/app/gcc-arm-none-eabi-9-2019-q4-major/bin/../lib/gcc/arm-none-eabi/9.2.1/../../../../arm-none-eabi/lib/thumb/v6-m/nofp/libg.a(lib_a-__call_atexit.o)
 *(.init_array EXCLUDE_FILE(*crtend?.o *crtend.o *crtbegin?.o *crtbegin.o) .ctors)
 .init_array    0x000000000001d718        0x4 /opt/app/gcc-arm-none-eabi-9-2019-q4-major/bin/../lib/gcc/arm-none-eabi/9.2.1/thumb/v6-m/nofp/crtbegin.o
                0x000000000001d71c                PROVIDE (__init_array_end = .)

.fini_array     0x000000000001d71c        0x4
                0x000000000001d71c                PROVIDE (__fini_array_start = .)
 *(SORT_BY_INIT_PRIORITY(.fini_array.*) SORT_BY_INIT_PRIORITY(.dtors.*))
 *(.fini_array EXCLUDE_FILE(*crtend?.o *crtend.o *crtbegin?.o *crtbegin.o) .dtors)
 .fini_array    0x000000000001d71c        0x4 /opt/app/gcc-arm-none-eabi-9-2019-q4-major/bin/../lib/gcc/arm-none-eabi/9.2.1/thumb/v6-m/nofp/crtbegin.o
                0x000000000001d720                PROVIDE (__fini_array_end = .)

.ctors
 *crtbegin.o(.ctors)
 *crtbegin?.o(.ctors)
 *(EXCLUDE_FILE(*crtend?.o *crtend.o) .ctors)
 *(SORT_BY_NAME(.ctors.*))
 *(.ctors)

.dtors
 *crtbegin.o(.dtors)
 *crtbegin?.o(.dtors)
 *(EXCLUDE_FILE(*crtend?.o *crtend.o) .dtors)
 *(SORT_BY_NAME(.dtors.*))
 *(.dtors)

.jcr
 *(.jcr)

.data.rel.ro
 *(.data.rel.ro.local* .gnu.linkonce.d.rel.ro.local.*)
 *(.data.rel.ro .data.rel.ro.* .gnu.linkonce.d.rel.ro.*)

.dynamic
 *(.dynamic)

.got            0x000000000001d720        0x0
 *(.got.plt)
 *(.igot.plt)
 .igot.plt      0x000000000001d720        0x0 /opt/app/gcc-arm-none-eabi-9-2019-q4-major/bin/../lib/gcc/arm-none-eabi/9.2.1/thumb/v6-m/nofp/crtbegin.o
 *(.got)
 *(.igot)

.data           0x000000000001d720      0xae0
                0x000000000001d720                __data_start = .
 *(.data .data.* .gnu.linkonce.d.*)
 .data          0x000000000001d720      0x118 /opt/app/gcc-arm-none-eabi-9-2019-q4-major/bin/../lib/gcc/arm-none-eabi/9.2.1/../../../../arm-none-eabi/lib/thumb/v6-m/nofp/rdimon-crt0.o
                0x000000000001d728                __stack_base__
 .data.CppTest_StubInfo_auto_calcCompensation_1
                0x000000000001d838       0x18 /tmp/FlowAnalysisTest.axf.6VrUXi.ltrans0.ltrans.o
 .data.CppTest_StubInfo_auto_finalizeSensor_1
                0x000000000001d850       0x18 /tmp/FlowAnalysisTest.axf.6VrUXi.ltrans0.ltrans.o
 .data.CppTest_StubInfo_auto_log_error_1
                0x000000000001d868       0x18 /tmp/FlowAnalysisTest.axf.6VrUXi.ltrans0.ltrans.o
 .data.CppTest_StubInfo_auto_needCompensation_1
                0x000000000001d880       0x18 /tmp/FlowAnalysisTest.axf.6VrUXi.ltrans0.ltrans.o
 .data.CppTest_StubInfo_auto_readSensor_1
                0x000000000001d898       0x18 /tmp/FlowAnalysisTest.axf.6VrUXi.ltrans0.ltrans.o
 .data.__CPTR_StubInfos
                0x000000000001d8b0       0x18 /tmp/FlowAnalysisTest.axf.6VrUXi.ltrans0.ltrans.o
 .data.__CPTR_cui_3069206244_22013_1621831657269
                0x000000000001d8c8       0x28 /tmp/FlowAnalysisTest.axf.6VrUXi.ltrans0.ltrans.o
 .data.__CPTR_properties
                0x000000000001d8f0       0x80 /tmp/FlowAnalysisTest.axf.6VrUXi.ltrans0.ltrans.o
 .data.__CPTR_tui_3069206244_22013_1621831657269
                0x000000000001d970        0x8 /tmp/FlowAnalysisTest.axf.6VrUXi.ltrans0.ltrans.o
 .data._collectCoverage
                0x000000000001d978        0x4 /tmp/FlowAnalysisTest.axf.6VrUXi.ltrans0.ltrans.o
 .data._lastFuncCallId
                0x000000000001d97c        0x4 /tmp/FlowAnalysisTest.axf.6VrUXi.ltrans0.ltrans.o
 .data.cpptestTargetSystem
                0x000000000001d980       0x10 /tmp/FlowAnalysisTest.axf.6VrUXi.ltrans0.ltrans.o
 .data.currentTestCaseExpectedErrorCodeMask
                0x000000000001d990        0x4 /tmp/FlowAnalysisTest.axf.6VrUXi.ltrans0.ltrans.o
 .data.leftTestCaseMessages
                0x000000000001d994        0x4 /tmp/FlowAnalysisTest.axf.6VrUXi.ltrans0.ltrans.o
 .data.maxNumberOfTestCaseMessages
                0x000000000001d998        0x4 /tmp/FlowAnalysisTest.axf.6VrUXi.ltrans0.ltrans.o
 .data.nextTranslationUnitId
                0x000000000001d99c        0x4 /tmp/FlowAnalysisTest.axf.6VrUXi.ltrans0.ltrans.o
 .data.runtimeCommandExpectationHandlerNode
                0x000000000001d9a0        0x8 /tmp/FlowAnalysisTest.axf.6VrUXi.ltrans0.ltrans.o
 .data.runtimeCommandTriggerHandlerNode
                0x000000000001d9a8        0x8 /tmp/FlowAnalysisTest.axf.6VrUXi.ltrans0.ltrans.o
 .data._impure_ptr
                0x000000000001d9b0        0x4 /opt/app/gcc-arm-none-eabi-9-2019-q4-major/bin/../lib/gcc/arm-none-eabi/9.2.1/../../../../arm-none-eabi/lib/thumb/v6-m/nofp/libg.a(lib_a-impure.o)
                0x000000000001d9b0                _impure_ptr
 *fill*         0x000000000001d9b4        0x4 
 .data.impure_data
                0x000000000001d9b8      0x428 /opt/app/gcc-arm-none-eabi-9-2019-q4-major/bin/../lib/gcc/arm-none-eabi/9.2.1/../../../../arm-none-eabi/lib/thumb/v6-m/nofp/libg.a(lib_a-impure.o)
 .data.__malloc_av_
                0x000000000001dde0      0x408 /opt/app/gcc-arm-none-eabi-9-2019-q4-major/bin/../lib/gcc/arm-none-eabi/9.2.1/../../../../arm-none-eabi/lib/thumb/v6-m/nofp/libg.a(lib_a-mallocr.o)
                0x000000000001dde0                __malloc_av_
 .data.__malloc_sbrk_base
                0x000000000001e1e8        0x4 /opt/app/gcc-arm-none-eabi-9-2019-q4-major/bin/../lib/gcc/arm-none-eabi/9.2.1/../../../../arm-none-eabi/lib/thumb/v6-m/nofp/libg.a(lib_a-mallocr.o)
                0x000000000001e1e8                __malloc_sbrk_base
 .data.__malloc_trim_threshold
                0x000000000001e1ec        0x4 /opt/app/gcc-arm-none-eabi-9-2019-q4-major/bin/../lib/gcc/arm-none-eabi/9.2.1/../../../../arm-none-eabi/lib/thumb/v6-m/nofp/libg.a(lib_a-mallocr.o)
                0x000000000001e1ec                __malloc_trim_threshold
 .data.__atexit_recursive_mutex
                0x000000000001e1f0        0x4 /opt/app/gcc-arm-none-eabi-9-2019-q4-major/bin/../lib/gcc/arm-none-eabi/9.2.1/../../../../arm-none-eabi/lib/thumb/v6-m/nofp/libg.a(lib_a-__call_atexit.o)
                0x000000000001e1f0                __atexit_recursive_mutex
 .data.__heap_limit
                0x000000000001e1f4        0x4 /opt/app/gcc-arm-none-eabi-9-2019-q4-major/bin/../lib/gcc/arm-none-eabi/9.2.1/../../../../arm-none-eabi/lib/thumb/v6-m/nofp/librdimon.a(rdimon-syscalls.o)
                0x000000000001e1f4                __heap_limit
 .data.supports_ext_exit_extended
                0x000000000001e1f8        0x4 /opt/app/gcc-arm-none-eabi-9-2019-q4-major/bin/../lib/gcc/arm-none-eabi/9.2.1/../../../../arm-none-eabi/lib/thumb/v6-m/nofp/librdimon.a(rdimon-syscalls.o)
 .data.supports_ext_stdout_stderr
                0x000000000001e1fc        0x4 /opt/app/gcc-arm-none-eabi-9-2019-q4-major/bin/../lib/gcc/arm-none-eabi/9.2.1/../../../../arm-none-eabi/lib/thumb/v6-m/nofp/librdimon.a(rdimon-syscalls.o)

.data1
 *(.data1)
                0x000000000001e200                _edata = .
                [!provide]                        PROVIDE (edata = .)
                0x000000000001e200                . = .
                0x000000000001e200                __bss_start = .
                0x000000000001e200                __bss_start__ = .

.bss            0x000000000001e200      0x530
 *(.dynbss)
 *(.bss .bss.* .gnu.linkonce.b.*)
 .bss           0x000000000001e200       0x1c /opt/app/gcc-arm-none-eabi-9-2019-q4-major/bin/../lib/gcc/arm-none-eabi/9.2.1/thumb/v6-m/nofp/crtbegin.o
 .bss.TestSuite_sensor_c_269316db_call_slave_ptr
                0x000000000001e21c        0x4 /tmp/FlowAnalysisTest.axf.6VrUXi.ltrans0.ltrans.o
 .bss.__CPTR_Test_Manager_Count
                0x000000000001e220        0x8 /tmp/FlowAnalysisTest.axf.6VrUXi.ltrans0.ltrans.o
 .bss.__CPTR_Test_Manager_Start_Id
                0x000000000001e228        0x8 /tmp/FlowAnalysisTest.axf.6VrUXi.ltrans0.ltrans.o
 .bss.__CPTR_Test_Manager_TestCase
                0x000000000001e230        0x4 /tmp/FlowAnalysisTest.axf.6VrUXi.ltrans0.ltrans.o
 .bss.__CPTR_Test_Manager_TestSuite
                0x000000000001e234        0x4 /tmp/FlowAnalysisTest.axf.6VrUXi.ltrans0.ltrans.o
 .bss.__CPTR_enums
                0x000000000001e238        0x8 /tmp/FlowAnalysisTest.axf.6VrUXi.ltrans0.ltrans.o
 .bss.__CPTR_runtimeInitialized
                0x000000000001e240        0x4 /tmp/FlowAnalysisTest.axf.6VrUXi.ltrans0.ltrans.o
 .bss._coverageLogEnabled
                0x000000000001e244        0x4 /tmp/FlowAnalysisTest.axf.6VrUXi.ltrans0.ltrans.o
 .bss._coverageLogStream
                0x000000000001e248        0x4 /tmp/FlowAnalysisTest.axf.6VrUXi.ltrans0.ltrans.o
 .bss._coverageLogStreamPtr
                0x000000000001e24c        0x4 /tmp/FlowAnalysisTest.axf.6VrUXi.ltrans0.ltrans.o
 .bss._coverage_code
                0x000000000001e250        0x6 /tmp/FlowAnalysisTest.axf.6VrUXi.ltrans0.ltrans.o
 *fill*         0x000000000001e256        0x2 
 .bss._cpptestSendPassedAsserts
                0x000000000001e258        0x4 /tmp/FlowAnalysisTest.axf.6VrUXi.ltrans0.ltrans.o
 .bss._funcCallId
                0x000000000001e25c        0x4 /tmp/FlowAnalysisTest.axf.6VrUXi.ltrans0.ltrans.o
 .bss._globalProperties
                0x000000000001e260        0x4 /tmp/FlowAnalysisTest.axf.6VrUXi.ltrans0.ltrans.o
 .bss._lastCoverageInfo
                0x000000000001e264        0x4 /tmp/FlowAnalysisTest.axf.6VrUXi.ltrans0.ltrans.o
 .bss._lastCoverageInfoId
                0x000000000001e268        0x4 /tmp/FlowAnalysisTest.axf.6VrUXi.ltrans0.ltrans.o
 .bss._maxAllowedStackTraceDepth
                0x000000000001e26c        0x4 /tmp/FlowAnalysisTest.axf.6VrUXi.ltrans0.ltrans.o
 .bss._processId
                0x000000000001e270        0x4 /tmp/FlowAnalysisTest.axf.6VrUXi.ltrans0.ltrans.o
 .bss._properties
                0x000000000001e274        0x4 /tmp/FlowAnalysisTest.axf.6VrUXi.ltrans0.ltrans.o
 .bss._stubInfos
                0x000000000001e278        0x4 /tmp/FlowAnalysisTest.axf.6VrUXi.ltrans0.ltrans.o
 .bss._testLogEnabled
                0x000000000001e27c        0x4 /tmp/FlowAnalysisTest.axf.6VrUXi.ltrans0.ltrans.o
 .bss._testLogStream
                0x000000000001e280        0x4 /tmp/FlowAnalysisTest.axf.6VrUXi.ltrans0.ltrans.o
 .bss._testLogStreamPtr
                0x000000000001e284        0x4 /tmp/FlowAnalysisTest.axf.6VrUXi.ltrans0.ltrans.o
 .bss.all_allocations_size
                0x000000000001e288        0x4 /tmp/FlowAnalysisTest.axf.6VrUXi.ltrans0.ltrans.o
 .bss.allocations_size
                0x000000000001e28c        0x4 /tmp/FlowAnalysisTest.axf.6VrUXi.ltrans0.ltrans.o
 .bss.breakJmpBuf
                0x000000000001e290       0x5c /tmp/FlowAnalysisTest.axf.6VrUXi.ltrans0.ltrans.o
 .bss.cpptestTestCaseBreakFuncPtr
                0x000000000001e2ec        0x4 /tmp/FlowAnalysisTest.axf.6VrUXi.ltrans0.ltrans.o
 .bss.currRuntimeThreadId
                0x000000000001e2f0        0x4 /tmp/FlowAnalysisTest.axf.6VrUXi.ltrans0.ltrans.o
 .bss.curr_time.6046
                0x000000000001e2f4        0x4 /tmp/FlowAnalysisTest.axf.6VrUXi.ltrans0.ltrans.o
 .bss.currentTestCaseExpectedErrorCode
                0x000000000001e2f8        0x4 /tmp/FlowAnalysisTest.axf.6VrUXi.ltrans0.ltrans.o
 .bss.currentTestCaseId
                0x000000000001e2fc        0x4 /tmp/FlowAnalysisTest.axf.6VrUXi.ltrans0.ltrans.o
 .bss.currentTestCaseIsCpp
                0x000000000001e300        0x4 /tmp/FlowAnalysisTest.axf.6VrUXi.ltrans0.ltrans.o
 .bss.currentTestCaseIteration
                0x000000000001e304        0x4 /tmp/FlowAnalysisTest.axf.6VrUXi.ltrans0.ltrans.o
 .bss.currentTestCaseName
                0x000000000001e308        0x4 /tmp/FlowAnalysisTest.axf.6VrUXi.ltrans0.ltrans.o
 .bss.currentTestSuiteFile
                0x000000000001e30c        0x4 /tmp/FlowAnalysisTest.axf.6VrUXi.ltrans0.ltrans.o
 .bss.currentTestSuiteName
                0x000000000001e310        0x4 /tmp/FlowAnalysisTest.axf.6VrUXi.ltrans0.ltrans.o
 .bss.errors    0x000000000001e314        0x4 /tmp/FlowAnalysisTest.axf.6VrUXi.ltrans0.ltrans.o
 .bss.expectedErrors
                0x000000000001e318        0x4 /tmp/FlowAnalysisTest.axf.6VrUXi.ltrans0.ltrans.o
 .bss.firstExpectation
                0x000000000001e31c        0x4 /tmp/FlowAnalysisTest.axf.6VrUXi.ltrans0.ltrans.o
 .bss.first_allocation
                0x000000000001e320        0x4 /tmp/FlowAnalysisTest.axf.6VrUXi.ltrans0.ltrans.o
 .bss.first_free_allocation
                0x000000000001e324        0x4 /tmp/FlowAnalysisTest.axf.6VrUXi.ltrans0.ltrans.o
 .bss.formattedData
                0x000000000001e328        0x4 /tmp/FlowAnalysisTest.axf.6VrUXi.ltrans0.ltrans.o
 .bss.initialized.8612
                0x000000000001e32c        0x4 /tmp/FlowAnalysisTest.axf.6VrUXi.ltrans0.ltrans.o
 .bss.invalid_allocations
                0x000000000001e330        0x4 /tmp/FlowAnalysisTest.axf.6VrUXi.ltrans0.ltrans.o
 .bss.invalid_allocations_count
                0x000000000001e334        0x4 /tmp/FlowAnalysisTest.axf.6VrUXi.ltrans0.ltrans.o
 .bss.lastThreadData
                0x000000000001e338        0x4 /tmp/FlowAnalysisTest.axf.6VrUXi.ltrans0.ltrans.o
 .bss.localCommunicationInitialized
                0x000000000001e33c        0x4 /tmp/FlowAnalysisTest.axf.6VrUXi.ltrans0.ltrans.o
 .bss.localRuntimeInitialized
                0x000000000001e340        0x4 /tmp/FlowAnalysisTest.axf.6VrUXi.ltrans0.ltrans.o
 .bss.mainThreadData
                0x000000000001e344      0x198 /tmp/FlowAnalysisTest.axf.6VrUXi.ltrans0.ltrans.o
 .bss.runtimeCommandHandlers
                0x000000000001e4dc        0x4 /tmp/FlowAnalysisTest.axf.6VrUXi.ltrans0.ltrans.o
 .bss.runtimeStatus
                0x000000000001e4e0        0x1 /tmp/FlowAnalysisTest.axf.6VrUXi.ltrans0.ltrans.o
 .bss.sendBuffer
                0x000000000001e4e1      0x100 /tmp/FlowAnalysisTest.axf.6VrUXi.ltrans0.ltrans.o
 *fill*         0x000000000001e5e1        0x3 
 .bss.sendBufferPos
                0x000000000001e5e4        0x4 /tmp/FlowAnalysisTest.axf.6VrUXi.ltrans0.ltrans.o
 .bss.stack_begin_ptr
                0x000000000001e5e8        0x4 /tmp/FlowAnalysisTest.axf.6VrUXi.ltrans0.ltrans.o
 .bss.stack_is_accumulative
                0x000000000001e5ec        0x4 /tmp/FlowAnalysisTest.axf.6VrUXi.ltrans0.ltrans.o
 .bss.startTime
                0x000000000001e5f0        0x8 /tmp/FlowAnalysisTest.axf.6VrUXi.ltrans0.ltrans.o
 .bss.targetSystem
                0x000000000001e5f8        0x4 /tmp/FlowAnalysisTest.axf.6VrUXi.ltrans0.ltrans.o
 .bss.testCaseTgrStartTime
                0x000000000001e5fc        0x4 /tmp/FlowAnalysisTest.axf.6VrUXi.ltrans0.ltrans.o
 .bss.testSuiteTgrStartTime
                0x000000000001e600        0x4 /tmp/FlowAnalysisTest.axf.6VrUXi.ltrans0.ltrans.o
 .bss.threadData.6505
                0x000000000001e604        0x4 /tmp/FlowAnalysisTest.axf.6VrUXi.ltrans0.ltrans.o
 .bss.threadId  0x000000000001e608        0x4 /tmp/FlowAnalysisTest.axf.6VrUXi.ltrans0.ltrans.o
 .bss.threadInitCallback
                0x000000000001e60c        0x4 /tmp/FlowAnalysisTest.axf.6VrUXi.ltrans0.ltrans.o
 .bss.timeout   0x000000000001e610        0x8 /tmp/FlowAnalysisTest.axf.6VrUXi.ltrans0.ltrans.o
 .bss.trackTimeout
                0x000000000001e618        0x4 /tmp/FlowAnalysisTest.axf.6VrUXi.ltrans0.ltrans.o
 .bss.triggers.8611
                0x000000000001e61c        0x8 /tmp/FlowAnalysisTest.axf.6VrUXi.ltrans0.ltrans.o
 .bss.__malloc_current_mallinfo
                0x000000000001e624       0x28 /opt/app/gcc-arm-none-eabi-9-2019-q4-major/bin/../lib/gcc/arm-none-eabi/9.2.1/../../../../arm-none-eabi/lib/thumb/v6-m/nofp/libg.a(lib_a-mallocr.o)
                0x000000000001e624                __malloc_current_mallinfo
 .bss.__malloc_max_sbrked_mem
                0x000000000001e64c        0x4 /opt/app/gcc-arm-none-eabi-9-2019-q4-major/bin/../lib/gcc/arm-none-eabi/9.2.1/../../../../arm-none-eabi/lib/thumb/v6-m/nofp/libg.a(lib_a-mallocr.o)
                0x000000000001e64c                __malloc_max_sbrked_mem
 .bss.__malloc_max_total_mem
                0x000000000001e650        0x4 /opt/app/gcc-arm-none-eabi-9-2019-q4-major/bin/../lib/gcc/arm-none-eabi/9.2.1/../../../../arm-none-eabi/lib/thumb/v6-m/nofp/libg.a(lib_a-mallocr.o)
                0x000000000001e650                __malloc_max_total_mem
 .bss.__malloc_top_pad
                0x000000000001e654        0x4 /opt/app/gcc-arm-none-eabi-9-2019-q4-major/bin/../lib/gcc/arm-none-eabi/9.2.1/../../../../arm-none-eabi/lib/thumb/v6-m/nofp/libg.a(lib_a-mallocr.o)
                0x000000000001e654                __malloc_top_pad
 .bss.heap_end.6331
                0x000000000001e658        0x4 /opt/app/gcc-arm-none-eabi-9-2019-q4-major/bin/../lib/gcc/arm-none-eabi/9.2.1/../../../../arm-none-eabi/lib/thumb/v6-m/nofp/librdimon.a(rdimon-syscalls.o)
 .bss.monitor_stderr
                0x000000000001e65c        0x4 /opt/app/gcc-arm-none-eabi-9-2019-q4-major/bin/../lib/gcc/arm-none-eabi/9.2.1/../../../../arm-none-eabi/lib/thumb/v6-m/nofp/librdimon.a(rdimon-syscalls.o)
 .bss.monitor_stdin
                0x000000000001e660        0x4 /opt/app/gcc-arm-none-eabi-9-2019-q4-major/bin/../lib/gcc/arm-none-eabi/9.2.1/../../../../arm-none-eabi/lib/thumb/v6-m/nofp/librdimon.a(rdimon-syscalls.o)
 .bss.monitor_stdout
                0x000000000001e664        0x4 /opt/app/gcc-arm-none-eabi-9-2019-q4-major/bin/../lib/gcc/arm-none-eabi/9.2.1/../../../../arm-none-eabi/lib/thumb/v6-m/nofp/librdimon.a(rdimon-syscalls.o)
 .bss.openfiles
                0x000000000001e668       0xa0 /opt/app/gcc-arm-none-eabi-9-2019-q4-major/bin/../lib/gcc/arm-none-eabi/9.2.1/../../../../arm-none-eabi/lib/thumb/v6-m/nofp/librdimon.a(rdimon-syscalls.o)
 *(COMMON)
 COMMON         0x000000000001e708       0x21 /opt/app/gcc-arm-none-eabi-9-2019-q4-major/bin/../lib/gcc/arm-none-eabi/9.2.1/../../../../arm-none-eabi/lib/thumb/v6-m/nofp/libg.a(lib_a-lock.o)
                0x000000000001e708                __lock___atexit_recursive_mutex
                0x000000000001e70c                __lock___arc4random_mutex
                0x000000000001e710                __lock___env_recursive_mutex
                0x000000000001e714                __lock___sinit_recursive_mutex
                0x000000000001e718                __lock___malloc_recursive_mutex
                0x000000000001e71c                __lock___at_quick_exit_mutex
                0x000000000001e720                __lock___dd_hash_mutex
                0x000000000001e724                __lock___tz_mutex
                0x000000000001e728                __lock___sfp_recursive_mutex
 *fill*         0x000000000001e729        0x3 
 COMMON         0x000000000001e72c        0x4 /opt/app/gcc-arm-none-eabi-9-2019-q4-major/bin/../lib/gcc/arm-none-eabi/9.2.1/../../../../arm-none-eabi/lib/thumb/v6-m/nofp/libg.a(lib_a-reent.o)
                0x000000000001e72c                errno
                0x000000000001e730                . = ALIGN ((. != 0x0)?0x4:0x1)
                0x000000000001e730                _bss_end__ = .
                0x000000000001e730                __bss_end__ = .
                0x000000000001e730                . = ALIGN (0x4)
                0x000000000001e730                . = SEGMENT_START ("ldata-segment", .)
                0x000000000001e730                . = ALIGN (0x4)
                0x000000000001e730                __end__ = .
                0x000000000001e730                _end = .
                0x000000000001e730                PROVIDE (end = .)

.stack          0x0000000000080000        0x0
                0x0000000000080000                _stack = .
 *(.stack)

.stab
 *(.stab)

.stabstr
 *(.stabstr)

.stab.excl
 *(.stab.excl)

.stab.exclstr
 *(.stab.exclstr)

.stab.index
 *(.stab.index)

.stab.indexstr
 *(.stab.indexstr)

.comment        0x0000000000000000       0x79
 *(.comment)
 .comment       0x0000000000000000       0x79 /tmp/FlowAnalysisTest.axf.6VrUXi.ltrans0.ltrans.o
                                         0x7a (size before relaxing)

.gnu.build.attributes
 *(.gnu.build.attributes .gnu.build.attributes.*)

.debug
 *(.debug)

.line
 *(.line)

.debug_srcinfo
 *(.debug_srcinfo)

.debug_sfnames
 *(.debug_sfnames)

.debug_aranges  0x0000000000000000      0x258
 *(.debug_aranges)
 .debug_aranges
                0x0000000000000000      0x258 /tmp/FlowAnalysisTest.axf.6VrUXi.ltrans0.ltrans.o

.debug_pubnames
 *(.debug_pubnames)

.debug_info     0x0000000000000000    0x23b00
 *(.debug_info .gnu.linkonce.wi.*)
 .debug_info    0x0000000000000000     0x5921 /tmp/FlowAnalysisTest.axf.6VrUXi.ltrans0.ltrans.o
 .debug_info    0x0000000000005921      0xf3a /tmp/cc8sdudE.debug.temp.o
                0x0000000000005921                harness_sensor.c.afed9dd1
 .debug_info    0x000000000000685b      0xbde /tmp/ccDx2SWO.debug.temp.o
                0x000000000000685b                harness_arrayOutOfBounds.c.8605c48b
 .debug_info    0x0000000000007439      0xb27 /tmp/ccaYBjGZ.debug.temp.o
                0x0000000000007439                harness_bufferOverflow.c.cd6bf35c
 .debug_info    0x0000000000007f60      0xb28 /tmp/ccJV9Mpa.debug.temp.o
                0x0000000000007f60                harness_dbutil.c.5ceeeb79
 .debug_info    0x0000000000008a88      0xcea /tmp/cc2v9i9k.debug.temp.o
                0x0000000000008a88                harness_divisionByZero.c.9aa0fb12
 .debug_info    0x0000000000009772     0x998e /tmp/cclhyNMT.debug.temp.o
                0x0000000000009772                cpptest_testrunner.c.627e96d7
 .debug_info    0x0000000000013100      0xceb /tmp/cc60BNw4.debug.temp.o
                0x0000000000013100                harness_auto_7820a38f.c.5ba07bea
 .debug_info    0x0000000000013deb     0x1017 /tmp/ccHr4rfW.debug.temp.o
                0x0000000000013deb                CppTestString.c.0f6f4c93
 .debug_info    0x0000000000014e02      0xc9d /tmp/cc1KHtus.debug.temp.o
                0x0000000000014e02                CppTestThreadData.c.7948bc3c
 .debug_info    0x0000000000015a9f      0xe66 /tmp/ccPt0TeD.debug.temp.o
                0x0000000000015a9f                CppTestStackTrace.c.81724696
 .debug_info    0x0000000000016905      0xd40 /tmp/ccj8JmZN.debug.temp.o
                0x0000000000016905                CppTestProperties.c.2d4d1974
 .debug_info    0x0000000000017645      0xc56 /tmp/ccNhXnu9.debug.temp.o
                0x0000000000017645                CppTestTime.c.38df3e5a
 .debug_info    0x000000000001829b      0xbf1 /tmp/ccNpAWek.debug.temp.o
                0x000000000001829b                CppTestTransportFile.c.60ca30c9
 .debug_info    0x0000000000018e8c     0x102b /tmp/ccJISaKF.debug.temp.o
                0x0000000000018e8c                CppTestMessage.c.7a3bb03e
 .debug_info    0x0000000000019eb7      0xc6b /tmp/ccVnhQuQ.debug.temp.o
                0x0000000000019eb7                CppTestTree.c.b60b10c1
 .debug_info    0x000000000001ab22      0xe4e /tmp/cchLTxf1.debug.temp.o
                0x000000000001ab22                CppTestUtils.c.36f44580
 .debug_info    0x000000000001b970     0x3306 /tmp/ccLD1nOK.debug.temp.o
                0x000000000001b970                CppTestRuntime.c.24493a5a
 .debug_info    0x000000000001ec76      0xb1d /tmp/ccFvOyk6.debug.temp.o
                0x000000000001ec76                CppTestTransport.c.138a8089
 .debug_info    0x000000000001f793       0xa7 /tmp/ccjrUSQr.debug.temp.o
                0x000000000001f793                CppTestMarshall.c.8b33cff1
 .debug_info    0x000000000001f83a      0xba8 /tmp/ccluf6BC.debug.temp.o
                0x000000000001f83a                CppTestFormat.c.07ae1022
 .debug_info    0x00000000000203e2      0xb82 /tmp/ccr6mlnN.debug.temp.o
                0x00000000000203e2                CppTestMemory.c.1b0b6660
 .debug_info    0x0000000000020f64     0x193e /tmp/ccrnHC8X.debug.temp.o
                0x0000000000020f64                CppTestMemoryAnalysis.c.a789df5f
 .debug_info    0x00000000000228a2     0x125e /tmp/ccXGAiFj.debug.temp.o
                0x00000000000228a2                CppTestCoverage.c.22c196de

.debug_abbrev   0x0000000000000000     0x383b
 *(.debug_abbrev)
 .debug_abbrev  0x0000000000000000      0x32e /tmp/FlowAnalysisTest.axf.6VrUXi.ltrans0.ltrans.o
 .debug_abbrev  0x000000000000032e      0x2bb /tmp/cc8sdudE.debug.temp.o
 .debug_abbrev  0x00000000000005e9      0x23c /tmp/ccDx2SWO.debug.temp.o
 .debug_abbrev  0x0000000000000825      0x211 /tmp/ccaYBjGZ.debug.temp.o
 .debug_abbrev  0x0000000000000a36      0x1ea /tmp/ccJV9Mpa.debug.temp.o
 .debug_abbrev  0x0000000000000c20      0x226 /tmp/cc2v9i9k.debug.temp.o
 .debug_abbrev  0x0000000000000e46      0x3c0 /tmp/cclhyNMT.debug.temp.o
 .debug_abbrev  0x0000000000001206      0x211 /tmp/cc60BNw4.debug.temp.o
 .debug_abbrev  0x0000000000001417      0x27c /tmp/ccHr4rfW.debug.temp.o
 .debug_abbrev  0x0000000000001693      0x22d /tmp/cc1KHtus.debug.temp.o
 .debug_abbrev  0x00000000000018c0      0x28f /tmp/ccPt0TeD.debug.temp.o
 .debug_abbrev  0x0000000000001b4f      0x21c /tmp/ccj8JmZN.debug.temp.o
 .debug_abbrev  0x0000000000001d6b      0x23c /tmp/ccNhXnu9.debug.temp.o
 .debug_abbrev  0x0000000000001fa7      0x232 /tmp/ccNpAWek.debug.temp.o
 .debug_abbrev  0x00000000000021d9      0x26f /tmp/ccJISaKF.debug.temp.o
 .debug_abbrev  0x0000000000002448      0x22b /tmp/ccVnhQuQ.debug.temp.o
 .debug_abbrev  0x0000000000002673      0x28e /tmp/cchLTxf1.debug.temp.o
 .debug_abbrev  0x0000000000002901      0x305 /tmp/ccLD1nOK.debug.temp.o
 .debug_abbrev  0x0000000000002c06      0x1f3 /tmp/ccFvOyk6.debug.temp.o
 .debug_abbrev  0x0000000000002df9       0x62 /tmp/ccjrUSQr.debug.temp.o
 .debug_abbrev  0x0000000000002e5b      0x233 /tmp/ccluf6BC.debug.temp.o
 .debug_abbrev  0x000000000000308e      0x22d /tmp/ccr6mlnN.debug.temp.o
 .debug_abbrev  0x00000000000032bb      0x2b1 /tmp/ccrnHC8X.debug.temp.o
 .debug_abbrev  0x000000000000356c      0x2cf /tmp/ccXGAiFj.debug.temp.o

.debug_line     0x0000000000000000     0x6e1b
 *(.debug_line .debug_line.* .debug_line_end)
 .debug_line    0x0000000000000000     0x3df5 /tmp/FlowAnalysisTest.axf.6VrUXi.ltrans0.ltrans.o
 .debug_line    0x0000000000003df5      0x2a9 /tmp/cc8sdudE.debug.temp.o
 .debug_line    0x000000000000409e      0x282 /tmp/ccDx2SWO.debug.temp.o
 .debug_line    0x0000000000004320      0x272 /tmp/ccaYBjGZ.debug.temp.o
 .debug_line    0x0000000000004592      0x26d /tmp/ccJV9Mpa.debug.temp.o
 .debug_line    0x00000000000047ff      0x289 /tmp/cc2v9i9k.debug.temp.o
 .debug_line    0x0000000000004a88      0x44c /tmp/cclhyNMT.debug.temp.o
 .debug_line    0x0000000000004ed4      0x2a2 /tmp/cc60BNw4.debug.temp.o
 .debug_line    0x0000000000005176      0x1f1 /tmp/ccHr4rfW.debug.temp.o
 .debug_line    0x0000000000005367      0x18a /tmp/cc1KHtus.debug.temp.o
 .debug_line    0x00000000000054f1      0x1a1 /tmp/ccPt0TeD.debug.temp.o
 .debug_line    0x0000000000005692      0x1e1 /tmp/ccj8JmZN.debug.temp.o
 .debug_line    0x0000000000005873      0x23a /tmp/ccNhXnu9.debug.temp.o
 .debug_line    0x0000000000005aad      0x239 /tmp/ccNpAWek.debug.temp.o
 .debug_line    0x0000000000005ce6      0x19b /tmp/ccJISaKF.debug.temp.o
 .debug_line    0x0000000000005e81      0x1db /tmp/ccVnhQuQ.debug.temp.o
 .debug_line    0x000000000000605c      0x185 /tmp/cchLTxf1.debug.temp.o
 .debug_line    0x00000000000061e1      0x227 /tmp/ccLD1nOK.debug.temp.o
 .debug_line    0x0000000000006408      0x1e9 /tmp/ccFvOyk6.debug.temp.o
 .debug_line    0x00000000000065f1       0x6c /tmp/ccjrUSQr.debug.temp.o
 .debug_line    0x000000000000665d      0x200 /tmp/ccluf6BC.debug.temp.o
 .debug_line    0x000000000000685d      0x22a /tmp/ccr6mlnN.debug.temp.o
 .debug_line    0x0000000000006a87      0x1bf /tmp/ccrnHC8X.debug.temp.o
 .debug_line    0x0000000000006c46      0x1d5 /tmp/ccXGAiFj.debug.temp.o

.debug_frame    0x0000000000000000     0x18fc
 *(.debug_frame)
 .debug_frame   0x0000000000000000      0x7c4 /tmp/FlowAnalysisTest.axf.6VrUXi.ltrans0.ltrans.o
 .debug_frame   0x00000000000007c4       0x20 /opt/app/gcc-arm-none-eabi-9-2019-q4-major/bin/../lib/gcc/arm-none-eabi/9.2.1/../../../../arm-none-eabi/lib/thumb/v6-m/nofp/libg.a(lib_a-errno.o)
 .debug_frame   0x00000000000007e4       0x28 /opt/app/gcc-arm-none-eabi-9-2019-q4-major/bin/../lib/gcc/arm-none-eabi/9.2.1/../../../../arm-none-eabi/lib/thumb/v6-m/nofp/libg.a(lib_a-exit.o)
 .debug_frame   0x000000000000080c       0x48 /opt/app/gcc-arm-none-eabi-9-2019-q4-major/bin/../lib/gcc/arm-none-eabi/9.2.1/../../../../arm-none-eabi/lib/thumb/v6-m/nofp/libg.a(lib_a-fclose.o)
 .debug_frame   0x0000000000000854       0x68 /opt/app/gcc-arm-none-eabi-9-2019-q4-major/bin/../lib/gcc/arm-none-eabi/9.2.1/../../../../arm-none-eabi/lib/thumb/v6-m/nofp/libg.a(lib_a-fflush.o)
 .debug_frame   0x00000000000008bc      0x174 /opt/app/gcc-arm-none-eabi-9-2019-q4-major/bin/../lib/gcc/arm-none-eabi/9.2.1/../../../../arm-none-eabi/lib/thumb/v6-m/nofp/libg.a(lib_a-findfp.o)
 .debug_frame   0x0000000000000a30       0x48 /opt/app/gcc-arm-none-eabi-9-2019-q4-major/bin/../lib/gcc/arm-none-eabi/9.2.1/../../../../arm-none-eabi/lib/thumb/v6-m/nofp/libg.a(lib_a-fopen.o)
 .debug_frame   0x0000000000000a78       0x54 /opt/app/gcc-arm-none-eabi-9-2019-q4-major/bin/../lib/gcc/arm-none-eabi/9.2.1/../../../../arm-none-eabi/lib/thumb/v6-m/nofp/libg.a(lib_a-freer.o)
 .debug_frame   0x0000000000000acc       0x40 /opt/app/gcc-arm-none-eabi-9-2019-q4-major/bin/../lib/gcc/arm-none-eabi/9.2.1/../../../../arm-none-eabi/lib/thumb/v6-m/nofp/libg.a(lib_a-fseek.o)
 .debug_frame   0x0000000000000b0c       0x54 /opt/app/gcc-arm-none-eabi-9-2019-q4-major/bin/../lib/gcc/arm-none-eabi/9.2.1/../../../../arm-none-eabi/lib/thumb/v6-m/nofp/libg.a(lib_a-fseeko.o)
 .debug_frame   0x0000000000000b60       0x2c /opt/app/gcc-arm-none-eabi-9-2019-q4-major/bin/../lib/gcc/arm-none-eabi/9.2.1/../../../../arm-none-eabi/lib/thumb/v6-m/nofp/libg.a(lib_a-fstatr.o)
 .debug_frame   0x0000000000000b8c       0x5c /opt/app/gcc-arm-none-eabi-9-2019-q4-major/bin/../lib/gcc/arm-none-eabi/9.2.1/../../../../arm-none-eabi/lib/thumb/v6-m/nofp/libg.a(lib_a-fwalk.o)
 .debug_frame   0x0000000000000be8       0x2c /opt/app/gcc-arm-none-eabi-9-2019-q4-major/bin/../lib/gcc/arm-none-eabi/9.2.1/../../../../arm-none-eabi/lib/thumb/v6-m/nofp/libg.a(lib_a-init.o)
 .debug_frame   0x0000000000000c14       0xb0 /opt/app/gcc-arm-none-eabi-9-2019-q4-major/bin/../lib/gcc/arm-none-eabi/9.2.1/../../../../arm-none-eabi/lib/thumb/v6-m/nofp/libg.a(lib_a-lock.o)
 .debug_frame   0x0000000000000cc4       0x50 /opt/app/gcc-arm-none-eabi-9-2019-q4-major/bin/../lib/gcc/arm-none-eabi/9.2.1/../../../../arm-none-eabi/lib/thumb/v6-m/nofp/libg.a(lib_a-makebuf.o)
 .debug_frame   0x0000000000000d14       0x3c /opt/app/gcc-arm-none-eabi-9-2019-q4-major/bin/../lib/gcc/arm-none-eabi/9.2.1/../../../../arm-none-eabi/lib/thumb/v6-m/nofp/libg.a(lib_a-mallocr.o)
 .debug_frame   0x0000000000000d50       0x2c /opt/app/gcc-arm-none-eabi-9-2019-q4-major/bin/../lib/gcc/arm-none-eabi/9.2.1/../../../../arm-none-eabi/lib/thumb/v6-m/nofp/libg.a(lib_a-memchr-stub.o)
 .debug_frame   0x0000000000000d7c       0x34 /opt/app/gcc-arm-none-eabi-9-2019-q4-major/bin/../lib/gcc/arm-none-eabi/9.2.1/../../../../arm-none-eabi/lib/thumb/v6-m/nofp/libg.a(lib_a-memcpy-stub.o)
 .debug_frame   0x0000000000000db0       0x30 /opt/app/gcc-arm-none-eabi-9-2019-q4-major/bin/../lib/gcc/arm-none-eabi/9.2.1/../../../../arm-none-eabi/lib/thumb/v6-m/nofp/libg.a(lib_a-memset.o)
 .debug_frame   0x0000000000000de0       0x40 /opt/app/gcc-arm-none-eabi-9-2019-q4-major/bin/../lib/gcc/arm-none-eabi/9.2.1/../../../../arm-none-eabi/lib/thumb/v6-m/nofp/libg.a(lib_a-mlock.o)
 .debug_frame   0x0000000000000e20       0x2c /opt/app/gcc-arm-none-eabi-9-2019-q4-major/bin/../lib/gcc/arm-none-eabi/9.2.1/../../../../arm-none-eabi/lib/thumb/v6-m/nofp/libg.a(lib_a-openr.o)
 .debug_frame   0x0000000000000e4c       0x48 /opt/app/gcc-arm-none-eabi-9-2019-q4-major/bin/../lib/gcc/arm-none-eabi/9.2.1/../../../../arm-none-eabi/lib/thumb/v6-m/nofp/libg.a(lib_a-reent.o)
 .debug_frame   0x0000000000000e94       0x48 /opt/app/gcc-arm-none-eabi-9-2019-q4-major/bin/../lib/gcc/arm-none-eabi/9.2.1/../../../../arm-none-eabi/lib/thumb/v6-m/nofp/libg.a(lib_a-refill.o)
 .debug_frame   0x0000000000000edc       0x2c /opt/app/gcc-arm-none-eabi-9-2019-q4-major/bin/../lib/gcc/arm-none-eabi/9.2.1/../../../../arm-none-eabi/lib/thumb/v6-m/nofp/libg.a(lib_a-sbrkr.o)
 .debug_frame   0x0000000000000f08       0x90 /opt/app/gcc-arm-none-eabi-9-2019-q4-major/bin/../lib/gcc/arm-none-eabi/9.2.1/../../../../arm-none-eabi/lib/thumb/v6-m/nofp/libg.a(lib_a-stdio.o)
 .debug_frame   0x0000000000000f98       0x28 /opt/app/gcc-arm-none-eabi-9-2019-q4-major/bin/../lib/gcc/arm-none-eabi/9.2.1/../../../../arm-none-eabi/lib/thumb/v6-m/nofp/libg.a(lib_a-sysgetpid.o)
 .debug_frame   0x0000000000000fc0       0x28 /opt/app/gcc-arm-none-eabi-9-2019-q4-major/bin/../lib/gcc/arm-none-eabi/9.2.1/../../../../arm-none-eabi/lib/thumb/v6-m/nofp/libg.a(lib_a-sysgettod.o)
 .debug_frame   0x0000000000000fe8       0x2c /opt/app/gcc-arm-none-eabi-9-2019-q4-major/bin/../lib/gcc/arm-none-eabi/9.2.1/../../../../arm-none-eabi/lib/thumb/v6-m/nofp/libg.a(lib_a-writer.o)
 .debug_frame   0x0000000000001014       0x54 /opt/app/gcc-arm-none-eabi-9-2019-q4-major/bin/../lib/gcc/arm-none-eabi/9.2.1/../../../../arm-none-eabi/lib/thumb/v6-m/nofp/libg.a(lib_a-__call_atexit.o)
 .debug_frame   0x0000000000001068       0x28 /opt/app/gcc-arm-none-eabi-9-2019-q4-major/bin/../lib/gcc/arm-none-eabi/9.2.1/../../../../arm-none-eabi/lib/thumb/v6-m/nofp/libg.a(lib_a-atexit.o)
 .debug_frame   0x0000000000001090       0x2c /opt/app/gcc-arm-none-eabi-9-2019-q4-major/bin/../lib/gcc/arm-none-eabi/9.2.1/../../../../arm-none-eabi/lib/thumb/v6-m/nofp/libg.a(lib_a-closer.o)
 .debug_frame   0x00000000000010bc       0x2c /opt/app/gcc-arm-none-eabi-9-2019-q4-major/bin/../lib/gcc/arm-none-eabi/9.2.1/../../../../arm-none-eabi/lib/thumb/v6-m/nofp/libg.a(lib_a-fini.o)
 .debug_frame   0x00000000000010e8       0x38 /opt/app/gcc-arm-none-eabi-9-2019-q4-major/bin/../lib/gcc/arm-none-eabi/9.2.1/../../../../arm-none-eabi/lib/thumb/v6-m/nofp/libg.a(lib_a-flags.o)
 .debug_frame   0x0000000000001120       0x2c /opt/app/gcc-arm-none-eabi-9-2019-q4-major/bin/../lib/gcc/arm-none-eabi/9.2.1/../../../../arm-none-eabi/lib/thumb/v6-m/nofp/libg.a(lib_a-gettimeofdayr.o)
 .debug_frame   0x000000000000114c       0x2c /opt/app/gcc-arm-none-eabi-9-2019-q4-major/bin/../lib/gcc/arm-none-eabi/9.2.1/../../../../arm-none-eabi/lib/thumb/v6-m/nofp/libg.a(lib_a-isattyr.o)
 .debug_frame   0x0000000000001178       0x2c /opt/app/gcc-arm-none-eabi-9-2019-q4-major/bin/../lib/gcc/arm-none-eabi/9.2.1/../../../../arm-none-eabi/lib/thumb/v6-m/nofp/libg.a(lib_a-lseekr.o)
 .debug_frame   0x00000000000011a4       0x2c /opt/app/gcc-arm-none-eabi-9-2019-q4-major/bin/../lib/gcc/arm-none-eabi/9.2.1/../../../../arm-none-eabi/lib/thumb/v6-m/nofp/libg.a(lib_a-readr.o)
 .debug_frame   0x00000000000011d0       0x44 /opt/app/gcc-arm-none-eabi-9-2019-q4-major/bin/../lib/gcc/arm-none-eabi/9.2.1/../../../../arm-none-eabi/lib/thumb/v6-m/nofp/libg.a(lib_a-signalr.o)
 .debug_frame   0x0000000000001214       0x3c /opt/app/gcc-arm-none-eabi-9-2019-q4-major/bin/../lib/gcc/arm-none-eabi/9.2.1/../../../../arm-none-eabi/lib/thumb/v6-m/nofp/libg.a(lib_a-__atexit.o)
 .debug_frame   0x0000000000001250       0x28 /opt/app/gcc-arm-none-eabi-9-2019-q4-major/bin/../lib/gcc/arm-none-eabi/9.2.1/../../../../arm-none-eabi/lib/thumb/v6-m/nofp/libg.a(lib_a-calloc.o)
 .debug_frame   0x0000000000001278       0x28 /opt/app/gcc-arm-none-eabi-9-2019-q4-major/bin/../lib/gcc/arm-none-eabi/9.2.1/../../../../arm-none-eabi/lib/thumb/v6-m/nofp/libg.a(lib_a-callocr.o)
 .debug_frame   0x00000000000012a0       0x54 /opt/app/gcc-arm-none-eabi-9-2019-q4-major/bin/../lib/gcc/arm-none-eabi/9.2.1/../../../../arm-none-eabi/lib/thumb/v6-m/nofp/libg.a(lib_a-fwrite.o)
 .debug_frame   0x00000000000012f4       0x40 /opt/app/gcc-arm-none-eabi-9-2019-q4-major/bin/../lib/gcc/arm-none-eabi/9.2.1/../../../../arm-none-eabi/lib/thumb/v6-m/nofp/libg.a(lib_a-malloc.o)
 .debug_frame   0x0000000000001334       0x28 /opt/app/gcc-arm-none-eabi-9-2019-q4-major/bin/../lib/gcc/arm-none-eabi/9.2.1/../../../../arm-none-eabi/lib/thumb/v6-m/nofp/libg.a(lib_a-realloc.o)
 .debug_frame   0x000000000000135c       0x3c /opt/app/gcc-arm-none-eabi-9-2019-q4-major/bin/../lib/gcc/arm-none-eabi/9.2.1/../../../../arm-none-eabi/lib/thumb/v6-m/nofp/libg.a(lib_a-reallocr.o)
 .debug_frame   0x0000000000001398       0x3c /opt/app/gcc-arm-none-eabi-9-2019-q4-major/bin/../lib/gcc/arm-none-eabi/9.2.1/../../../../arm-none-eabi/lib/thumb/v6-m/nofp/libg.a(lib_a-fvwrite.o)
 .debug_frame   0x00000000000013d4       0x34 /opt/app/gcc-arm-none-eabi-9-2019-q4-major/bin/../lib/gcc/arm-none-eabi/9.2.1/../../../../arm-none-eabi/lib/thumb/v6-m/nofp/libg.a(lib_a-memmove.o)
 .debug_frame   0x0000000000001408       0x2c /opt/app/gcc-arm-none-eabi-9-2019-q4-major/bin/../lib/gcc/arm-none-eabi/9.2.1/../../../../arm-none-eabi/lib/thumb/v6-m/nofp/libg.a(lib_a-wsetup.o)
 .debug_frame   0x0000000000001434       0x20 /opt/app/gcc-arm-none-eabi-9-2019-q4-major/bin/../lib/gcc/arm-none-eabi/9.2.1/thumb/v6-m/nofp/libgcc.a(_udivsi3.o)
 .debug_frame   0x0000000000001454      0x384 /opt/app/gcc-arm-none-eabi-9-2019-q4-major/bin/../lib/gcc/arm-none-eabi/9.2.1/../../../../arm-none-eabi/lib/thumb/v6-m/nofp/librdimon.a(rdimon-syscalls.o)
 .debug_frame   0x00000000000017d8       0x28 /opt/app/gcc-arm-none-eabi-9-2019-q4-major/bin/../lib/gcc/arm-none-eabi/9.2.1/../../../../arm-none-eabi/lib/thumb/v6-m/nofp/librdimon.a(rdimon-_exit.o)
 .debug_frame   0x0000000000001800       0x44 /opt/app/gcc-arm-none-eabi-9-2019-q4-major/bin/../lib/gcc/arm-none-eabi/9.2.1/../../../../arm-none-eabi/lib/thumb/v6-m/nofp/librdimon.a(rdimon-_kill.o)
 .debug_frame   0x0000000000001844       0x28 /opt/app/gcc-arm-none-eabi-9-2019-q4-major/bin/../lib/gcc/arm-none-eabi/9.2.1/../../../../arm-none-eabi/lib/thumb/v6-m/nofp/libc.a(lib_a-strlen-stub.o)
 .debug_frame   0x000000000000186c       0x34 /opt/app/gcc-arm-none-eabi-9-2019-q4-major/bin/../lib/gcc/arm-none-eabi/9.2.1/thumb/v6-m/nofp/libgcc.a(_muldi3.o)
 .debug_frame   0x00000000000018a0       0x3c /opt/app/gcc-arm-none-eabi-9-2019-q4-major/bin/../lib/gcc/arm-none-eabi/9.2.1/thumb/v6-m/nofp/libgcc.a(_udivmoddi4.o)
 .debug_frame   0x00000000000018dc       0x20 /opt/app/gcc-arm-none-eabi-9-2019-q4-major/bin/../lib/gcc/arm-none-eabi/9.2.1/thumb/v6-m/nofp/libgcc.a(_divsi3.o)

.debug_str      0x0000000000000000     0xa190
 *(.debug_str)
 .debug_str     0x0000000000000000      0x181 /tmp/FlowAnalysisTest.axf.6VrUXi.ltrans0.ltrans.o
                                        0x1a1 (size before relaxing)
 .debug_str     0x0000000000000181      0xa80 /tmp/cc8sdudE.debug.temp.o
                                        0xbb4 (size before relaxing)
 .debug_str     0x0000000000000c01      0x193 /tmp/ccDx2SWO.debug.temp.o
                                        0x7fb (size before relaxing)
 .debug_str     0x0000000000000d94      0x137 /tmp/ccaYBjGZ.debug.temp.o
                                        0x793 (size before relaxing)
 .debug_str     0x0000000000000ecb      0x111 /tmp/ccJV9Mpa.debug.temp.o
                                        0x7d4 (size before relaxing)
 .debug_str     0x0000000000000fdc      0x1a7 /tmp/cc2v9i9k.debug.temp.o
                                        0x8ad (size before relaxing)
 .debug_str     0x0000000000001183     0x5941 /tmp/cclhyNMT.debug.temp.o
                                       0x645b (size before relaxing)
 .debug_str     0x0000000000006ac4      0x13b /tmp/cc60BNw4.debug.temp.o
                                        0x8bf (size before relaxing)
 .debug_str     0x0000000000006bff      0x2ba /tmp/ccHr4rfW.debug.temp.o
                                        0x971 (size before relaxing)
 .debug_str     0x0000000000006eb9      0x24a /tmp/cc1KHtus.debug.temp.o
                                        0x8ff (size before relaxing)
 .debug_str     0x0000000000007103      0x281 /tmp/ccPt0TeD.debug.temp.o
                                        0xa62 (size before relaxing)
 .debug_str     0x0000000000007384      0x218 /tmp/ccj8JmZN.debug.temp.o
                                        0x8dd (size before relaxing)
 .debug_str     0x000000000000759c      0x17b /tmp/ccNhXnu9.debug.temp.o
                                        0x811 (size before relaxing)
 .debug_str     0x0000000000007717      0x12c /tmp/ccNpAWek.debug.temp.o
                                        0x7c6 (size before relaxing)
 .debug_str     0x0000000000007843      0x34f /tmp/ccJISaKF.debug.temp.o
                                        0xaf1 (size before relaxing)
 .debug_str     0x0000000000007b92       0xe9 /tmp/ccVnhQuQ.debug.temp.o
                                        0x7a6 (size before relaxing)
 .debug_str     0x0000000000007c7b      0x1dc /tmp/cchLTxf1.debug.temp.o
                                        0x88a (size before relaxing)
 .debug_str     0x0000000000007e57     0x14d4 /tmp/ccLD1nOK.debug.temp.o
                                       0x1f5d (size before relaxing)
 .debug_str     0x000000000000932b      0x16f /tmp/ccFvOyk6.debug.temp.o
                                        0x818 (size before relaxing)
 .debug_str     0x000000000000949a       0x74 /tmp/ccjrUSQr.debug.temp.o
                                        0x183 (size before relaxing)
 .debug_str     0x000000000000950e       0xed /tmp/ccluf6BC.debug.temp.o
                                        0x7a2 (size before relaxing)
 .debug_str     0x00000000000095fb       0x9c /tmp/ccr6mlnN.debug.temp.o
                                        0x74a (size before relaxing)
 .debug_str     0x0000000000009697      0x767 /tmp/ccrnHC8X.debug.temp.o
                                        0xebd (size before relaxing)
 .debug_str     0x0000000000009dfe      0x392 /tmp/ccXGAiFj.debug.temp.o
                                        0xb16 (size before relaxing)

.debug_loc      0x0000000000000000     0x52c5
 *(.debug_loc)
 .debug_loc     0x0000000000000000     0x52c5 /tmp/FlowAnalysisTest.axf.6VrUXi.ltrans0.ltrans.o

.debug_macinfo
 *(.debug_macinfo)

.debug_weaknames
 *(.debug_weaknames)

.debug_funcnames
 *(.debug_funcnames)

.debug_typenames
 *(.debug_typenames)

.debug_varnames
 *(.debug_varnames)

.debug_pubtypes
 *(.debug_pubtypes)

.debug_ranges   0x0000000000000000     0x1428
 *(.debug_ranges)
 .debug_ranges  0x0000000000000000     0x1428 /tmp/FlowAnalysisTest.axf.6VrUXi.ltrans0.ltrans.o

.debug_macro
 *(.debug_macro)

.debug_addr
 *(.debug_addr)

.ARM.attributes
                0x0000000000000000       0x28
 *(.ARM.attributes)
 .ARM.attributes
                0x0000000000000000       0x1e /opt/app/gcc-arm-none-eabi-9-2019-q4-major/bin/../lib/gcc/arm-none-eabi/9.2.1/thumb/v6-m/nofp/crti.o
 .ARM.attributes
                0x000000000000001e       0x2c /opt/app/gcc-arm-none-eabi-9-2019-q4-major/bin/../lib/gcc/arm-none-eabi/9.2.1/thumb/v6-m/nofp/crtbegin.o
 .ARM.attributes
                0x000000000000004a       0x1b /opt/app/gcc-arm-none-eabi-9-2019-q4-major/bin/../lib/gcc/arm-none-eabi/9.2.1/../../../../arm-none-eabi/lib/thumb/v6-m/nofp/rdimon-crt0.o
 .ARM.attributes
                0x0000000000000065       0x2a /tmp/FlowAnalysisTest.axf.6VrUXi.ltrans0.ltrans.o
 .ARM.attributes
                0x000000000000008f       0x2c /opt/app/gcc-arm-none-eabi-9-2019-q4-major/bin/../lib/gcc/arm-none-eabi/9.2.1/../../../../arm-none-eabi/lib/thumb/v6-m/nofp/libg.a(lib_a-atoi.o)
 .ARM.attributes
                0x00000000000000bb       0x2c /opt/app/gcc-arm-none-eabi-9-2019-q4-major/bin/../lib/gcc/arm-none-eabi/9.2.1/../../../../arm-none-eabi/lib/thumb/v6-m/nofp/libg.a(lib_a-errno.o)
 .ARM.attributes
                0x00000000000000e7       0x2c /opt/app/gcc-arm-none-eabi-9-2019-q4-major/bin/../lib/gcc/arm-none-eabi/9.2.1/../../../../arm-none-eabi/lib/thumb/v6-m/nofp/libg.a(lib_a-exit.o)
 .ARM.attributes
                0x0000000000000113       0x2c /opt/app/gcc-arm-none-eabi-9-2019-q4-major/bin/../lib/gcc/arm-none-eabi/9.2.1/../../../../arm-none-eabi/lib/thumb/v6-m/nofp/libg.a(lib_a-fclose.o)
 .ARM.attributes
                0x000000000000013f       0x2c /opt/app/gcc-arm-none-eabi-9-2019-q4-major/bin/../lib/gcc/arm-none-eabi/9.2.1/../../../../arm-none-eabi/lib/thumb/v6-m/nofp/libg.a(lib_a-fflush.o)
 .ARM.attributes
                0x000000000000016b       0x2c /opt/app/gcc-arm-none-eabi-9-2019-q4-major/bin/../lib/gcc/arm-none-eabi/9.2.1/../../../../arm-none-eabi/lib/thumb/v6-m/nofp/libg.a(lib_a-fgetc.o)
 .ARM.attributes
                0x0000000000000197       0x2c /opt/app/gcc-arm-none-eabi-9-2019-q4-major/bin/../lib/gcc/arm-none-eabi/9.2.1/../../../../arm-none-eabi/lib/thumb/v6-m/nofp/libg.a(lib_a-fgets.o)
 .ARM.attributes
                0x00000000000001c3       0x2c /opt/app/gcc-arm-none-eabi-9-2019-q4-major/bin/../lib/gcc/arm-none-eabi/9.2.1/../../../../arm-none-eabi/lib/thumb/v6-m/nofp/libg.a(lib_a-findfp.o)
 .ARM.attributes
                0x00000000000001ef       0x2c /opt/app/gcc-arm-none-eabi-9-2019-q4-major/bin/../lib/gcc/arm-none-eabi/9.2.1/../../../../arm-none-eabi/lib/thumb/v6-m/nofp/libg.a(lib_a-fopen.o)
 .ARM.attributes
                0x000000000000021b       0x2c /opt/app/gcc-arm-none-eabi-9-2019-q4-major/bin/../lib/gcc/arm-none-eabi/9.2.1/../../../../arm-none-eabi/lib/thumb/v6-m/nofp/libg.a(lib_a-fread.o)
 .ARM.attributes
                0x0000000000000247       0x2c /opt/app/gcc-arm-none-eabi-9-2019-q4-major/bin/../lib/gcc/arm-none-eabi/9.2.1/../../../../arm-none-eabi/lib/thumb/v6-m/nofp/libg.a(lib_a-freer.o)
 .ARM.attributes
                0x0000000000000273       0x2c /opt/app/gcc-arm-none-eabi-9-2019-q4-major/bin/../lib/gcc/arm-none-eabi/9.2.1/../../../../arm-none-eabi/lib/thumb/v6-m/nofp/libg.a(lib_a-fseek.o)
 .ARM.attributes
                0x000000000000029f       0x2c /opt/app/gcc-arm-none-eabi-9-2019-q4-major/bin/../lib/gcc/arm-none-eabi/9.2.1/../../../../arm-none-eabi/lib/thumb/v6-m/nofp/libg.a(lib_a-fseeko.o)
 .ARM.attributes